Archive member included to satisfy reference by file (symbol)

F:/ST/STM32CubeIDE/plugins/com.st.stm32cube.ide.mcu.externaltools.gnu-tools-for-stm32.13.3.rel1.win32_1.0.0.202411081344/tools/bin/../lib/gcc/arm-none-eabi/13.3.1/../../../../arm-none-eabi/lib/thumb/v7-m/nofp\libc_nano.a(libc_a-exit.o)
                              F:/ST/STM32CubeIDE/plugins/com.st.stm32cube.ide.mcu.externaltools.gnu-tools-for-stm32.13.3.rel1.win32_1.0.0.202411081344/tools/bin/../lib/gcc/arm-none-eabi/13.3.1/../../../../arm-none-eabi/lib/thumb/v7-m/nofp/crt0.o (exit)
F:/ST/STM32CubeIDE/plugins/com.st.stm32cube.ide.mcu.externaltools.gnu-tools-for-stm32.13.3.rel1.win32_1.0.0.202411081344/tools/bin/../lib/gcc/arm-none-eabi/13.3.1/../../../../arm-none-eabi/lib/thumb/v7-m/nofp\libc_nano.a(libc_a-ctype_.o)
                              ./Core/Tasks/Src/uart3_task.o (_ctype_)
F:/ST/STM32CubeIDE/plugins/com.st.stm32cube.ide.mcu.externaltools.gnu-tools-for-stm32.13.3.rel1.win32_1.0.0.202411081344/tools/bin/../lib/gcc/arm-none-eabi/13.3.1/../../../../arm-none-eabi/lib/thumb/v7-m/nofp\libc_nano.a(libc_a-nano-vfprintf_float.o)
                              (_printf_float)
F:/ST/STM32CubeIDE/plugins/com.st.stm32cube.ide.mcu.externaltools.gnu-tools-for-stm32.13.3.rel1.win32_1.0.0.202411081344/tools/bin/../lib/gcc/arm-none-eabi/13.3.1/../../../../arm-none-eabi/lib/thumb/v7-m/nofp\libc_nano.a(libc_a-nano-vfprintf_i.o)
                              F:/ST/STM32CubeIDE/plugins/com.st.stm32cube.ide.mcu.externaltools.gnu-tools-for-stm32.13.3.rel1.win32_1.0.0.202411081344/tools/bin/../lib/gcc/arm-none-eabi/13.3.1/../../../../arm-none-eabi/lib/thumb/v7-m/nofp\libc_nano.a(libc_a-nano-vfprintf_float.o) (_printf_common)
F:/ST/STM32CubeIDE/plugins/com.st.stm32cube.ide.mcu.externaltools.gnu-tools-for-stm32.13.3.rel1.win32_1.0.0.202411081344/tools/bin/../lib/gcc/arm-none-eabi/13.3.1/../../../../arm-none-eabi/lib/thumb/v7-m/nofp\libc_nano.a(libc_a-findfp.o)
                              F:/ST/STM32CubeIDE/plugins/com.st.stm32cube.ide.mcu.externaltools.gnu-tools-for-stm32.13.3.rel1.win32_1.0.0.202411081344/tools/bin/../lib/gcc/arm-none-eabi/13.3.1/../../../../arm-none-eabi/lib/thumb/v7-m/nofp\libc_nano.a(libc_a-exit.o) (__stdio_exit_handler)
F:/ST/STM32CubeIDE/plugins/com.st.stm32cube.ide.mcu.externaltools.gnu-tools-for-stm32.13.3.rel1.win32_1.0.0.202411081344/tools/bin/../lib/gcc/arm-none-eabi/13.3.1/../../../../arm-none-eabi/lib/thumb/v7-m/nofp\libc_nano.a(libc_a-fwalk.o)
                              F:/ST/STM32CubeIDE/plugins/com.st.stm32cube.ide.mcu.externaltools.gnu-tools-for-stm32.13.3.rel1.win32_1.0.0.202411081344/tools/bin/../lib/gcc/arm-none-eabi/13.3.1/../../../../arm-none-eabi/lib/thumb/v7-m/nofp\libc_nano.a(libc_a-findfp.o) (_fwalk_sglue)
F:/ST/STM32CubeIDE/plugins/com.st.stm32cube.ide.mcu.externaltools.gnu-tools-for-stm32.13.3.rel1.win32_1.0.0.202411081344/tools/bin/../lib/gcc/arm-none-eabi/13.3.1/../../../../arm-none-eabi/lib/thumb/v7-m/nofp\libc_nano.a(libc_a-snprintf.o)
                              ./Core/Tasks/Src/esp_task.o (snprintf)
F:/ST/STM32CubeIDE/plugins/com.st.stm32cube.ide.mcu.externaltools.gnu-tools-for-stm32.13.3.rel1.win32_1.0.0.202411081344/tools/bin/../lib/gcc/arm-none-eabi/13.3.1/../../../../arm-none-eabi/lib/thumb/v7-m/nofp\libc_nano.a(libc_a-sprintf.o)
                              ./Core/Modules/Src/dht22.o (sprintf)
F:/ST/STM32CubeIDE/plugins/com.st.stm32cube.ide.mcu.externaltools.gnu-tools-for-stm32.13.3.rel1.win32_1.0.0.202411081344/tools/bin/../lib/gcc/arm-none-eabi/13.3.1/../../../../arm-none-eabi/lib/thumb/v7-m/nofp\libc_nano.a(libc_a-stdio.o)
                              F:/ST/STM32CubeIDE/plugins/com.st.stm32cube.ide.mcu.externaltools.gnu-tools-for-stm32.13.3.rel1.win32_1.0.0.202411081344/tools/bin/../lib/gcc/arm-none-eabi/13.3.1/../../../../arm-none-eabi/lib/thumb/v7-m/nofp\libc_nano.a(libc_a-findfp.o) (__sread)
F:/ST/STM32CubeIDE/plugins/com.st.stm32cube.ide.mcu.externaltools.gnu-tools-for-stm32.13.3.rel1.win32_1.0.0.202411081344/tools/bin/../lib/gcc/arm-none-eabi/13.3.1/../../../../arm-none-eabi/lib/thumb/v7-m/nofp\libc_nano.a(libc_a-vsnprintf.o)
                              ./Core/Modules/Src/lcd.o (vsnprintf)
F:/ST/STM32CubeIDE/plugins/com.st.stm32cube.ide.mcu.externaltools.gnu-tools-for-stm32.13.3.rel1.win32_1.0.0.202411081344/tools/bin/../lib/gcc/arm-none-eabi/13.3.1/../../../../arm-none-eabi/lib/thumb/v7-m/nofp\libc_nano.a(libc_a-memset.o)
                              F:/ST/STM32CubeIDE/plugins/com.st.stm32cube.ide.mcu.externaltools.gnu-tools-for-stm32.13.3.rel1.win32_1.0.0.202411081344/tools/bin/../lib/gcc/arm-none-eabi/13.3.1/../../../../arm-none-eabi/lib/thumb/v7-m/nofp/crt0.o (memset)
F:/ST/STM32CubeIDE/plugins/com.st.stm32cube.ide.mcu.externaltools.gnu-tools-for-stm32.13.3.rel1.win32_1.0.0.202411081344/tools/bin/../lib/gcc/arm-none-eabi/13.3.1/../../../../arm-none-eabi/lib/thumb/v7-m/nofp\libc_nano.a(libc_a-strchr.o)
                              ./Core/Tasks/Src/uart3_task.o (strchr)
[...]
Memory Configuration

Name             Origin             Length             Attributes
RAM              0x20000000         0x00005000         xrw
FLASH            0x08000000         0x00010000         xr
*default*        0x00000000         0xffffffff

Linker script and memory map

LOAD F:/ST/STM32CubeIDE/plugins/com.st.stm32cube.ide.mcu.externaltools.gnu-tools-for-stm32.13.3.rel1.win32_1.0.0.202411081344/tools/bin/../lib/gcc/arm-none-eabi/13.3.1/thumb/v7-m/nofp/crti.o
LOAD F:/ST/STM32CubeIDE/plugins/com.st.stm32cube.ide.mcu.externaltools.gnu-tools-for-stm32.13.3.rel1.win32_1.0.0.202411081344/tools/bin/../lib/gcc/arm-none-eabi/13.3.1/thumb/v7-m/nofp/crtbegin.o
LOAD F:/ST/STM32CubeIDE/plugins/com.st.stm32cube.ide.mcu.externaltools.gnu-tools-for-stm32.13.3.rel1.win32_1.0.0.202411081344/tools/bin/../lib/gcc/arm-none-eabi/13.3.1/../../../../arm-none-eabi/lib/thumb/v7-m/nofp/crt0.o
LOAD ./Core/Modules/Src/adc_common.o
LOAD ./Core/Modules/Src/dht22.o
LOAD ./Core/Modules/Src/esp_uart.o
LOAD ./Core/Modules/Src/fan.o
LOAD ./Core/Modules/Src/gas.o
LOAD ./Core/Modules/Src/greenhouse_state.o
LOAD ./Core/Modules/Src/heater.o
LOAD ./Core/Modules/Src/hih5030.o
LOAD ./Core/Modules/Src/lcd.o
LOAD ./Core/Modules/Src/ldr.o
LOAD ./Core/Modules/Src/lm35.o
LOAD ./Core/Modules/Src/pump.o
LOAD ./Core/Modules/Src/rgb_led.o
LOAD ./Core/Modules/Src/soil.o
LOAD ./Core/Src/main.o
LOAD ./Core/Src/stm32f1xx_hal_msp.o
LOAD ./Core/Src/stm32f1xx_it.o
LOAD ./Core/Src/syscalls.o
LOAD ./Core/Src/sysmem.o
LOAD ./Core/Src/system_stm32f1xx.o
LOAD ./Core/Startup/startup_stm32f103c8tx.o
LOAD ./Core/Tasks/Src/control_task.o
LOAD ./Core/Tasks/Src/display_task.o
LOAD ./Core/Tasks/Src/esp_task.o
LOAD ./Core/Tasks/Src/sensor_task.o
LOAD ./Core/Tasks/Src/system_init.o
LOAD ./Core/Tasks/Src/uart3_task.o
LOAD ./Core/Tasks/Src/uart_task.o
LOAD ./Drivers/STM32F1xx_HAL_Driver/Src/stm32f1xx_hal.o
LOAD ./Drivers/STM32F1xx_HAL_Driver/Src/stm32f1xx_hal_adc.o
LOAD ./Drivers/STM32F1xx_HAL_Driver/Src/stm32f1xx_hal_adc_ex.o
LOAD ./Drivers/STM32F1xx_HAL_Driver/Src/stm32f1xx_hal_cortex.o
LOAD ./Drivers/STM32F1xx_HAL_Driver/Src/stm32f1xx_hal_dma.o
LOAD ./Drivers/STM32F1xx_HAL_Driver/Src/stm32f1xx_hal_exti.o
LOAD ./Drivers/STM32F1xx_HAL_Driver/Src/stm32f1xx_hal_flash.o
LOAD ./Drivers/STM32F1xx_HAL_Driver/Src/stm32f1xx_hal_flash_ex.o
LOAD ./Drivers/STM32F1xx_HAL_Driver/Src/stm32f1xx_hal_gpio.o
LOAD ./Drivers/STM32F1xx_HAL_Driver/Src/stm32f1xx_hal_gpio_ex.o
LOAD ./Drivers/STM32F1xx_HAL_Driver/Src/stm32f1xx_hal_pwr.o
LOAD ./Drivers/STM32F1xx_HAL_Driver/Src/stm32f1xx_hal_rcc.o
LOAD ./Drivers/STM32F1xx_HAL_Driver/Src/stm32f1xx_hal_rcc_ex.o
LOAD ./Drivers/STM32F1xx_HAL_Driver/Src/stm32f1xx_hal_tim.o
LOAD ./Drivers/STM32F1xx_HAL_Driver/Src/stm32f1xx_hal_tim_ex.o
LOAD ./Drivers/STM32F1xx_HAL_Driver/Src/stm32f1xx_hal_uart.o
START GROUP
LOAD F:/ST/STM32CubeIDE/plugins/com.st.stm32cube.ide.mcu.externaltools.gnu-tools-for-stm32.13.3.rel1.win32_1.0.0.202411081344/tools/bin/../lib/gcc/arm-none-eabi/13.3.1/../../../../arm-none-eabi/lib/thumb/v7-m/nofp\libc_nano.a
LOAD F:/ST/STM32CubeIDE/plugins/com.st.stm32cube.ide.mcu.externaltools.gnu-tools-for-stm32.13.3.rel1.win32_1.0.0.202411081344/tools/bin/../lib/gcc/arm-none-eabi/13.3.1/../../../../arm-none-eabi/lib/thumb/v7-m/nofp\libm.a
END GROUP
START GROUP
LOAD F:/ST/STM32CubeIDE/plugins/com.st.stm32cube.ide.mcu.externaltools.gnu-tools-for-stm32.13.3.rel1.win32_1.0.0.202411081344/tools/bin/../lib/gcc/arm-none-eabi/13.3.1/thumb/v7-m/nofp\libgcc.a
LOAD F:/ST/STM32CubeIDE/plugins/com.st.stm32cube.ide.mcu.externaltools.gnu-tools-for-stm32.13.3.rel1.win32_1.0.0.202411081344/tools/bin/../lib/gcc/arm-none-eabi/13.3.1/../../../../arm-none-eabi/lib/thumb/v7-m/nofp\libc_nano.a
END GROUP
START GROUP
LOAD F:/ST/STM32CubeIDE/plugins/com.st.stm32cube.ide.mcu.externaltools.gnu-tools-for-stm32.13.3.rel1.win32_1.0.0.202411081344/tools/bin/../lib/gcc/arm-none-eabi/13.3.1/thumb/v7-m/nofp\libgcc.a
LOAD F:/ST/STM32CubeIDE/plugins/com.st.stm32cube.ide.mcu.externaltools.gnu-tools-for-stm32.13.3.rel1.win32_1.0.0.202411081344/tools/bin/../lib/gcc/arm-none-eabi/13.3.1/../../../../arm-none-eabi/lib/thumb/v7-m/nofp\libc_nano.a
LOAD F:/ST/STM32CubeIDE/plugins/com.st.stm32cube.ide.mcu.externaltools.gnu-tools-for-stm32.13.3.rel1.win32_1.0.0.202411081344/tools/bin/../lib/gcc/arm-none-eabi/13.3.1/../../../../arm-none-eabi/lib/thumb/v7-m/nofp\libnosys.a
END GROUP
START GROUP
LOAD F:/ST/STM32CubeIDE/plugins/com.st.stm32cube.ide.mcu.externaltools.gnu-tools-for-stm32.13.3.rel1.win32_1.0.0.202411081344/tools/bin/../lib/gcc/arm-none-eabi/13.3.1/thumb/v7-m/nofp\libgcc.a
LOAD F:/ST/STM32CubeIDE/plugins/com.st.stm32cube.ide.mcu.externaltools.gnu-tools-for-stm32.13.3.rel1.win32_1.0.0.202411081344/tools/bin/../lib/gcc/arm-none-eabi/13.3.1/../../../../arm-none-eabi/lib/thumb/v7-m/nofp\libc_nano.a
LOAD F:/ST/STM32CubeIDE/plugins/com.st.stm32cube.ide.mcu.externaltools.gnu-tools-for-stm32.13.3.rel1.win32_1.0.0.202411081344/tools/bin/../lib/gcc/arm-none-eabi/13.3.1/../../../../arm-none-eabi/lib/thumb/v7-m/nofp\libnosys.a
END GROUP
LOAD F:/ST/STM32CubeIDE/plugins/com.st.stm32cube.ide.mcu.externaltools.gnu-tools-for-stm32.13.3.rel1.win32_1.0.0.202411081344/tools/bin/../lib/gcc/arm-none-eabi/13.3.1/thumb/v7-m/nofp/crtend.o
LOAD F:/ST/STM32CubeIDE/plugins/com.st.stm32cube.ide.mcu.externaltools.gnu-tools-for-stm32.13.3.rel1.win32_1.0.0.202411081344/tools/bin/../lib/gcc/arm-none-eabi/13.3.1/thumb/v7-m/nofp/crtn.o
                0x20005000                        _estack = (ORIGIN (RAM) + LENGTH (RAM))
                0x00000200                        _Min_Heap_Size = 0x200
                0x00000400                        _Min_Stack_Size = 0x400

.isr_vector     0x08000000      0x10c
                0x08000000                        . = ALIGN (0x4)
 *(.isr_vector)
 .isr_vector    0x08000000      0x10c ./Core/Startup/startup_stm32f103c8tx.o
                0x08000000                g_pfnVectors
                0x0800010c                        . = ALIGN (0x4)

.text           0x08000110     0x9cb0
                0x08000110                        . = ALIGN (0x4)
 *(.text)
 .text          0x08000110       0x40 F:/ST/STM32CubeIDE/plugins/com.st.stm32cube.ide.mcu.externaltools.gnu-tools-for-stm32.13.3.rel1.win32_1.0.0.202411081344/tools/bin/../lib/gcc/arm-none-eabi/13.3.1/thumb/v7-m/nofp/crtbegin.o
 .text          0x08000150       0x10 F:/ST/STM32CubeIDE/plugins/com.st.stm32cube.ide.mcu.externaltools.gnu-tools-for-stm32.13.3.rel1.win32_1.0.0.202411081344/tools/bin/../lib/gcc/arm-none-eabi/13.3.1/../../../../arm-none-eabi/lib/thumb/v7-m/nofp\libc_nano.a(libc_a-strlen.o)
                0x08000150                strlen
 .text          0x08000160      0x378 F:/ST/STM32CubeIDE/plugins/com.st.stm32cube.ide.mcu.externaltools.gnu-tools-for-stm32.13.3.rel1.win32_1.0.0.202411081344/tools/bin/../lib/gcc/arm-none-eabi/13.3.1/thumb/v7-m/nofp\libgcc.a(_arm_addsubdf3.o)
                0x08000160                __aeabi_drsub
                0x08000168                __aeabi_dsub
                0x08000168                __subdf3
                0x0800016c                __aeabi_dadd
                0x0800016c                __adddf3
                0x080003e4                __floatunsidf
                0x080003e4                __aeabi_ui2d
                0x08000404                __floatsidf
                0x08000404                __aeabi_i2d
                0x08000428                __aeabi_f2d
                0x08000428                __extendsfdf2
                0x0800046c                __floatundidf
                0x0800046c                __aeabi_ul2d
                0x0800047c                __floatdidf
                0x0800047c                __aeabi_l2d
 .text          0x080004d8      0x424 F:/ST/STM32CubeIDE/plugins/com.st.stm32cube.ide.mcu.externaltools.gnu-tools-for-stm32.13.3.rel1.win32_1.0.0.202411081344/tools/bin/../lib/gcc/arm-none-eabi/13.3.1/thumb/v7-m/nofp\libgcc.a(_arm_muldivdf3.o)
                0x080004d8                __aeabi_dmul
                0x080004d8                __muldf3
                0x0800072c                __divdf3
                0x0800072c                __aeabi_ddiv
 .text          0x080008fc      0x110 F:/ST/STM32CubeIDE/plugins/com.st.stm32cube.ide.mcu.externaltools.gnu-tools-for-stm32.13.3.rel1.win32_1.0.0.202411081344/tools/bin/../lib/gcc/arm-none-eabi/13.3.1/thumb/v7-m/nofp\libgcc.a(_arm_cmpdf2.o)
                0x080008fc                __gtdf2
                0x080008fc                __gedf2
                0x08000904                __ltdf2
                0x08000904                __ledf2
                0x0800090c                __nedf2
                0x0800090c                __eqdf2
                0x0800090c                __cmpdf2
                0x08000988                __aeabi_cdrcmple
                0x08000998                __aeabi_cdcmpeq
                0x08000998                __aeabi_cdcmple
                0x080009a8                __aeabi_dcmpeq
                0x080009bc                __aeabi_dcmplt
                0x080009d0                __aeabi_dcmple
                0x080009e4                __aeabi_dcmpge
                0x080009f8                __aeabi_dcmpgt
 .text          0x08000a0c       0x2c F:/ST/STM32CubeIDE/plugins/com.st.stm32cube.ide.mcu.externaltools.gnu-tools-for-stm32.13.3.rel1.win32_1.0.0.202411081344/tools/bin/../lib/gcc/arm-none-eabi/13.3.1/thumb/v7-m/nofp\libgcc.a(_arm_unorddf2.o)
                0x08000a0c                __unorddf2
                0x08000a0c                __aeabi_dcmpun
 .text          0x08000a38       0x50 F:/ST/STM32CubeIDE/plugins/com.st.stm32cube.ide.mcu.externaltools.gnu-tools-for-stm32.13.3.rel1.win32_1.0.0.202411081344/tools/bin/../lib/gcc/arm-none-eabi/13.3.1/thumb/v7-m/nofp\libgcc.a(_arm_fixdfsi.o)
                0x08000a38                __aeabi_d2iz
                0x08000a38                __fixdfsi
 .text          0x08000a88      0x21c F:/ST/STM32CubeIDE/plugins/com.st.stm32cube.ide.mcu.externaltools.gnu-tools-for-stm32.13.3.rel1.win32_1.0.0.202411081344/tools/bin/../lib/gcc/arm-none-eabi/13.3.1/thumb/v7-m/nofp\libgcc.a(_arm_addsubsf3.o)
                0x08000a88                __aeabi_frsub
                0x08000a90                __subsf3
                0x08000a90                __aeabi_fsub
                0x08000a94                __aeabi_fadd
                0x08000a94                __addsf3
                0x08000bf4                __aeabi_ui2f
                0x08000bf4                __floatunsisf
                0x08000bfc                __aeabi_i2f
                0x08000bfc                __floatsisf
                0x08000c18                __aeabi_ul2f
                0x08000c18                __floatundisf
                0x08000c28                __aeabi_l2f
                0x08000c28                __floatdisf
 .text          0x08000ca4      0x2a0 F:/ST/STM32CubeIDE/plugins/com.st.stm32cube.ide.mcu.externaltools.gnu-tools-for-stm32.13.3.rel1.win32_1.0.0.202411081344/tools/bin/../lib/gcc/arm-none-eabi/13.3.1/thumb/v7-m/nofp\libgcc.a(_arm_muldivsf3.o)
                0x08000ca4                __mulsf3
                0x08000ca4                __aeabi_fmul
                0x08000e0c                __aeabi_fdiv
                0x08000e0c                __divsf3
 .text          0x08000f44       0xec F:/ST/STM32CubeIDE/plugins/com.st.stm32cube.ide.mcu.externaltools.gnu-tools-for-stm32.13.3.rel1.win32_1.0.0.202411081344/tools/bin/../lib/gcc/arm-none-eabi/13.3.1/thumb/v7-m/nofp\libgcc.a(_arm_cmpsf2.o)
                0x08000f44                __gesf2
                0x08000f44                __gtsf2
                0x08000f4c                __lesf2
                0x08000f4c                __ltsf2
                0x08000f54                __nesf2
                0x08000f54                __eqsf2
                0x08000f54                __cmpsf2
                0x08000fb4                __aeabi_cfrcmple
                0x08000fbc                __aeabi_cfcmpeq
                0x08000fbc                __aeabi_cfcmple
                0x08000fcc                __aeabi_fcmpeq
                0x08000fe0                __aeabi_fcmplt
                0x08000ff4                __aeabi_fcmple
                0x08001008                __aeabi_fcmpge
                0x0800101c                __aeabi_fcmpgt
 .text          0x08001030       0x40 F:/ST/STM32CubeIDE/plugins/com.st.stm32cube.ide.mcu.externaltools.gnu-tools-for-stm32.13.3.rel1.win32_1.0.0.202411081344/tools/bin/../lib/gcc/arm-none-eabi/13.3.1/thumb/v7-m/nofp\libgcc.a(_arm_fixunssfsi.o)
                0x08001030                __fixunssfsi
                0x08001030                __aeabi_f2uiz
 *(.text*)
 .text.ADC_ReadChannel
                0x08001070       0x6a ./Core/Modules/Src/adc_common.o
                0x08001070                ADC_ReadChannel
 *fill*         0x080010da        0x2 
 .text.DHT22_Init
                0x080010dc       0x14 ./Core/Modules/Src/dht22.o
                0x080010dc                DHT22_Init
 .text.ESP_UART_Init
                0x080010f0       0x1c ./Core/Modules/Src/esp_uart.o
                0x080010f0                ESP_UART_Init
 .text.ESP_UART_IsBusy
                0x0800110c       0x18 ./Core/Modules/Src/esp_uart.o
                0x0800110c                ESP_UART_IsBusy
 .text.ESP_UART_Send
                0x08001124       0x54 ./Core/Modules/Src/esp_uart.o
                0x08001124                ESP_UART_Send
 .text.HAL_UART_TxCpltCallback
                0x08001178       0x2c ./Core/Modules/Src/esp_uart.o
                0x08001178                HAL_UART_TxCpltCallback
 .text.Fan_On   0x080011a4       0x20 ./Core/Modules/Src/fan.o
                0x080011a4                Fan_On
 .text.Fan_Off  0x080011c4       0x20 ./Core/Modules/Src/fan.o
                0x080011c4                Fan_Off
 .text.Gas_Init
                0x080011e4       0x16 ./Core/Modules/Src/gas.o
                0x080011e4                Gas_Init
 .text.Gas_ReadAnalog
                0x080011fa       0x1a ./Core/Modules/Src/gas.o
                0x080011fa                Gas_ReadAnalog
 .text.Gas_ReadDigital
                0x08001214       0x20 ./Core/Modules/Src/gas.o
                0x08001214                Gas_ReadDigital
 .text.Gas_ReadAll
                0x08001234       0x4a ./Core/Modules/Src/gas.o
                0x08001234                Gas_ReadAll
 *fill*         0x0800127e        0x2 
 .text.Gas_GetPercent
                0x08001280       0x30 ./Core/Modules/Src/gas.o
                0x08001280                Gas_GetPercent
 .text.Gas_IsDanger
                0x080012b0       0x16 ./Core/Modules/Src/gas.o
                0x080012b0                Gas_IsDanger
 *fill*         0x080012c6        0x2 
 .text.Heater_Init
                0x080012c8       0x2c ./Core/Modules/Src/heater.o
                0x080012c8                Heater_Init
 .text.Heater_On
                0x080012f4       0x2c ./Core/Modules/Src/heater.o
                0x080012f4                Heater_On
 .text.Heater_Off
                0x08001320       0x2c ./Core/Modules/Src/heater.o
                0x08001320                Heater_Off
 .text.Heater_IsRunning
                0x0800134c       0x14 ./Core/Modules/Src/heater.o
                0x0800134c                Heater_IsRunning
 .text.HIH5030_Init
                0x08001360       0x16 ./Core/Modules/Src/hih5030.o
                0x08001360                HIH5030_Init
 *fill*         0x08001376        0x2 
 .text.HIH5030_ReadHumidity
                0x08001378       0xec ./Core/Modules/Src/hih5030.o
                0x08001378                HIH5030_ReadHumidity
 .text.LCD_EnablePulse
                0x08001464       0x2c ./Core/Modules/Src/lcd.o
 .text.LCD_Send4Bit
                0x08001490       0x70 ./Core/Modules/Src/lcd.o
 .text.LCD_Send
                0x08001500       0x48 ./Core/Modules/Src/lcd.o
 .text.LCD_Command
                0x08001548       0x1c ./Core/Modules/Src/lcd.o
                0x08001548                LCD_Command
 .text.LCD_Data
                0x08001564       0x1c ./Core/Modules/Src/lcd.o
                0x08001564                LCD_Data
 .text.LCD_WriteChar
                0x08001580       0x1a ./Core/Modules/Src/lcd.o
                0x08001580                LCD_WriteChar
 .text.LCD_Print
                0x0800159a       0x2a ./Core/Modules/Src/lcd.o
                0x0800159a                LCD_Print
 .text.LCD_Clear
                0x080015c4       0x14 ./Core/Modules/Src/lcd.o
                0x080015c4                LCD_Clear
 .text.LCD_SetCursor
                0x080015d8       0x58 ./Core/Modules/Src/lcd.o
                0x080015d8                LCD_SetCursor
 .text.LCD_Printf
                0x08001630       0x34 ./Core/Modules/Src/lcd.o
                0x08001630                LCD_Printf
 .text.LCD_Init
                0x08001664       0x5c ./Core/Modules/Src/lcd.o
                0x08001664                LCD_Init
 .text.LCD_Update
                0x080016c0      0x170 ./Core/Modules/Src/lcd.o
                0x080016c0                LCD_Update
 .text.LDR_Init
                0x08001830       0x16 ./Core/Modules/Src/ldr.o
                0x08001830                LDR_Init
 .text.LDR_ReadRaw
                0x08001846       0x1a ./Core/Modules/Src/ldr.o
                0x08001846                LDR_ReadRaw
 .text.LDR_ControlLight
                0x08001860       0x3a ./Core/Modules/Src/ldr.o
                0x08001860                LDR_ControlLight
 .text.LM35_Init
                0x0800189a       0x16 ./Core/Modules/Src/lm35.o
                0x0800189a                LM35_Init
 .text.LM35_ReadTemperature
                0x080018b0       0x94 ./Core/Modules/Src/lm35.o
                0x080018b0                LM35_ReadTemperature
 .text.Pump_Init
                0x08001944       0x2c ./Core/Modules/Src/pump.o
                0x08001944                Pump_Init
 .text.Pump_On  0x08001970       0x2c ./Core/Modules/Src/pump.o
                0x08001970                Pump_On
 .text.Pump_Off
                0x0800199c       0x2c ./Core/Modules/Src/pump.o
                0x0800199c                Pump_Off
 .text.RGB_Init
                0x080019c8       0x40 ./Core/Modules/Src/rgb_led.o
                0x080019c8                RGB_Init
 .text.RGB_SetHumidity
                0x08001a08       0xb4 ./Core/Modules/Src/rgb_led.o
                0x08001a08                RGB_SetHumidity
 .text.Soil_Init
                0x08001abc       0x16 ./Core/Modules/Src/soil.o
                0x08001abc                Soil_Init
 .text.Soil_ReadRaw
                0x08001ad2       0x1a ./Core/Modules/Src/soil.o
                0x08001ad2                Soil_ReadRaw
 .text.Soil_GetPercent
                0x08001aec       0x30 ./Core/Modules/Src/soil.o
                0x08001aec                Soil_GetPercent
 .text.Soil_ReadAll
                0x08001b1c       0x32 ./Core/Modules/Src/soil.o
                0x08001b1c                Soil_ReadAll
 .text.Soil_IsDry
                0x08001b4e       0x20 ./Core/Modules/Src/soil.o
                0x08001b4e                Soil_IsDry
 *fill*         0x08001b6e        0x2 
 .text.main     0x08001b70       0xc4 ./Core/Src/main.o
                0x08001b70                main
 .text.SystemClock_Config
                0x08001c34       0xa0 ./Core/Src/main.o
                0x08001c34                SystemClock_Config
 .text.MX_ADC1_Init
                0x08001cd4       0x7c ./Core/Src/main.o
 .text.MX_TIM2_Init
                0x08001d50       0x98 ./Core/Src/main.o
 .text.MX_TIM4_Init
                0x08001de8      0x118 ./Core/Src/main.o
 .text.MX_USART1_UART_Init
                0x08001f00       0x54 ./Core/Src/main.o
 .text.MX_USART3_UART_Init
                0x08001f54       0x54 ./Core/Src/main.o
 .text.MX_DMA_Init
                0x08001fa8       0x3c ./Core/Src/main.o
 .text.MX_GPIO_Init
                0x08001fe4       0xe0 ./Core/Src/main.o
 .text.Error_Handler
                0x080020c4        0xc ./Core/Src/main.o
                0x080020c4                Error_Handler
 .text.HAL_MspInit
                0x080020d0       0x64 ./Core/Src/stm32f1xx_hal_msp.o
                0x080020d0                HAL_MspInit
 .text.HAL_ADC_MspInit
                0x08002134       0x78 ./Core/Src/stm32f1xx_hal_msp.o
                0x08002134                HAL_ADC_MspInit
 .text.HAL_TIM_Base_MspInit
                0x080021ac       0x60 ./Core/Src/stm32f1xx_hal_msp.o
                0x080021ac                HAL_TIM_Base_MspInit
 .text.HAL_TIM_MspPostInit
                0x0800220c       0x68 ./Core/Src/stm32f1xx_hal_msp.o
                0x0800220c                HAL_TIM_MspPostInit
 .text.HAL_UART_MspInit
                0x08002274      0x174 ./Core/Src/stm32f1xx_hal_msp.o
                0x08002274                HAL_UART_MspInit
 .text.NMI_Handler
                0x080023e8        0x8 ./Core/Src/stm32f1xx_it.o
                0x080023e8                NMI_Handler
 .text.HardFault_Handler
                0x080023f0        0x8 ./Core/Src/stm32f1xx_it.o
                0x080023f0                HardFault_Handler
 .text.MemManage_Handler
                0x080023f8        0x8 ./Core/Src/stm32f1xx_it.o
                0x080023f8                MemManage_Handler
 .text.BusFault_Handler
                0x08002400        0x8 ./Core/Src/stm32f1xx_it.o
                0x08002400                BusFault_Handler
 .text.UsageFault_Handler
                0x08002408        0x8 ./Core/Src/stm32f1xx_it.o
                0x08002408                UsageFault_Handler
 .text.SVC_Handler
                0x08002410        0xc ./Core/Src/stm32f1xx_it.o
                0x08002410                SVC_Handler
 .text.DebugMon_Handler
                0x0800241c        0xc ./Core/Src/stm32f1xx_it.o
                0x0800241c                DebugMon_Handler
 .text.PendSV_Handler
                0x08002428        0xc ./Core/Src/stm32f1xx_it.o
                0x08002428                PendSV_Handler
 .text.SysTick_Handler
                0x08002434        0xc ./Core/Src/stm32f1xx_it.o
                0x08002434                SysTick_Handler
 .text.DMA1_Channel2_IRQHandler
                0x08002440       0x14 ./Core/Src/stm32f1xx_it.o
                0x08002440                DMA1_Channel2_IRQHandler
 .text.USART3_IRQHandler
                0x08002454       0x14 ./Core/Src/stm32f1xx_it.o
                0x08002454                USART3_IRQHandler
 .text._getpid  0x08002468        0xe ./Core/Src/syscalls.o
                0x08002468                _getpid
 .text._kill    0x08002476       0x20 ./Core/Src/syscalls.o
                0x08002476                _kill
 .text._exit    0x08002496       0x16 ./Core/Src/syscalls.o
                0x08002496                _exit
 .text._read    0x080024ac       0x3a ./Core/Src/syscalls.o
                0x080024ac                _read
 .text._write   0x080024e6       0x38 ./Core/Src/syscalls.o
                0x080024e6                _write
 .text._close   0x0800251e       0x16 ./Core/Src/syscalls.o
                0x0800251e                _close
 .text._fstat   0x08002534       0x1e ./Core/Src/syscalls.o
                0x08002534                _fstat
 .text._isatty  0x08002552       0x14 ./Core/Src/syscalls.o
                0x08002552                _isatty
 .text._lseek   0x08002566       0x18 ./Core/Src/syscalls.o
                0x08002566                _lseek
 *fill*         0x0800257e        0x2 
 .text._sbrk    0x08002580       0x6c ./Core/Src/sysmem.o
                0x08002580                _sbrk
 .text.SystemInit
                0x080025ec        0xc ./Core/Src/system_stm32f1xx.o
                0x080025ec                SystemInit
 .text.Reset_Handler
                0x080025f8       0x48 ./Core/Startup/startup_stm32f103c8tx.o
                0x080025f8                Reset_Handler
 .text.Default_Handler
                0x08002640        0x2 ./Core/Startup/startup_stm32f103c8tx.o
                0x08002640                RTC_Alarm_IRQHandler
                0x08002640                EXTI2_IRQHandler
                0x08002640                TIM1_CC_IRQHandler
                0x08002640                PVD_IRQHandler
                0x08002640                EXTI3_IRQHandler
                0x08002640                EXTI0_IRQHandler
                0x08002640                I2C2_EV_IRQHandler
                0x08002640                ADC1_2_IRQHandler
                0x08002640                SPI1_IRQHandler
                0x08002640                TAMPER_IRQHandler
                0x08002640                DMA1_Channel4_IRQHandler
                0x08002640                RTC_IRQHandler
                0x08002640                DMA1_Channel7_IRQHandler
                0x08002640                CAN1_RX1_IRQHandler
                0x08002640                TIM4_IRQHandler
                0x08002640                I2C1_EV_IRQHandler
                0x08002640                DMA1_Channel6_IRQHandler
                0x08002640                TIM3_IRQHandler
                0x08002640                RCC_IRQHandler
                0x08002640                TIM1_TRG_COM_IRQHandler
                0x08002640                DMA1_Channel1_IRQHandler
                0x08002640                Default_Handler
                0x08002640                EXTI15_10_IRQHandler
                0x08002640                EXTI9_5_IRQHandler
                0x08002640                SPI2_IRQHandler
                0x08002640                DMA1_Channel5_IRQHandler
                0x08002640                EXTI4_IRQHandler
                0x08002640                USB_LP_CAN1_RX0_IRQHandler
                0x08002640                USB_HP_CAN1_TX_IRQHandler
                0x08002640                DMA1_Channel3_IRQHandler
                0x08002640                TIM1_UP_IRQHandler
                0x08002640                WWDG_IRQHandler
                0x08002640                TIM2_IRQHandler
                0x08002640                TIM1_BRK_IRQHandler
                0x08002640                EXTI1_IRQHandler
                0x08002640                USART2_IRQHandler
                0x08002640                I2C2_ER_IRQHandler
                0x08002640                CAN1_SCE_IRQHandler
                0x08002640                FLASH_IRQHandler
                0x08002640                USART1_IRQHandler
                0x08002640                I2C1_ER_IRQHandler
                0x08002640                USBWakeUp_IRQHandler
 *fill*         0x08002642        0x2 
 .text.ControlTask
                0x08002644      0x37c ./Core/Tasks/Src/control_task.o
                0x08002644                ControlTask
 .text.DisplayTask
                0x080029c0       0x98 ./Core/Tasks/Src/display_task.o
                0x080029c0                DisplayTask
 .text.ESPTask  0x08002a58      0x13c ./Core/Tasks/Src/esp_task.o
                0x08002a58                ESPTask
 .text.SensorTask
                0x08002b94       0x8c ./Core/Tasks/Src/sensor_task.o
                0x08002b94                SensorTask
 .text.System_Init
                0x08002c20       0xb8 ./Core/Tasks/Src/system_init.o
                0x08002c20                System_Init
 .text.ProcessCompletePacket
                0x08002cd8      0x7c0 ./Core/Tasks/Src/uart3_task.o
 .text.UART3_StartReceive
                0x08003498       0x1c ./Core/Tasks/Src/uart3_task.o
                0x08003498                UART3_StartReceive
 .text.HAL_UART_RxCpltCallback
                0x080034b4       0x78 ./Core/Tasks/Src/uart3_task.o
                0x080034b4                HAL_UART_RxCpltCallback
 .text.UART3_CheckAndProcess
                0x0800352c      0x104 ./Core/Tasks/Src/uart3_task.o
                0x0800352c                UART3_CheckAndProcess
 .text.UARTTask
                0x08003630       0x94 ./Core/Tasks/Src/uart_task.o
                0x08003630                UARTTask
 .text.HAL_Init
                0x080036c4       0x2c ./Drivers/STM32F1xx_HAL_Driver/Src/stm32f1xx_hal.o
                0x080036c4                HAL_Init
 .text.HAL_InitTick
                0x080036f0       0x60 ./Drivers/STM32F1xx_HAL_Driver/Src/stm32f1xx_hal.o
                0x080036f0                HAL_InitTick
 .text.HAL_IncTick
                0x08003750       0x24 ./Drivers/STM32F1xx_HAL_Driver/Src/stm32f1xx_hal.o
                0x08003750                HAL_IncTick
 .text.HAL_GetTick
                0x08003774       0x14 ./Drivers/STM32F1xx_HAL_Driver/Src/stm32f1xx_hal.o
                0x08003774                HAL_GetTick
 .text.HAL_Delay
                0x08003788       0x48 ./Drivers/STM32F1xx_HAL_Driver/Src/stm32f1xx_hal.o
                0x08003788                HAL_Delay
 .text.HAL_ADC_Init
                0x080037d0      0x1b0 ./Drivers/STM32F1xx_HAL_Driver/Src/stm32f1xx_hal_adc.o
                0x080037d0                HAL_ADC_Init
 .text.HAL_ADC_Start
                0x08003980      0x15c ./Drivers/STM32F1xx_HAL_Driver/Src/stm32f1xx_hal_adc.o
                0x08003980                HAL_ADC_Start
 .text.HAL_ADC_Stop
                0x08003adc       0x58 ./Drivers/STM32F1xx_HAL_Driver/Src/stm32f1xx_hal_adc.o
                0x08003adc                HAL_ADC_Stop
 .text.HAL_ADC_PollForConversion
                0x08003b34      0x20c ./Drivers/STM32F1xx_HAL_Driver/Src/stm32f1xx_hal_adc.o
                0x08003b34                HAL_ADC_PollForConversion
 .text.HAL_ADC_GetValue
                0x08003d40       0x18 ./Drivers/STM32F1xx_HAL_Driver/Src/stm32f1xx_hal_adc.o
                0x08003d40                HAL_ADC_GetValue
 .text.HAL_ADC_ConfigChannel
                0x08003d58      0x1f0 ./Drivers/STM32F1xx_HAL_Driver/Src/stm32f1xx_hal_adc.o
                0x08003d58                HAL_ADC_ConfigChannel
 .text.ADC_Enable
                0x08003f48       0xb4 ./Drivers/STM32F1xx_HAL_Driver/Src/stm32f1xx_hal_adc.o
                0x08003f48                ADC_Enable
 .text.ADC_ConversionStop_Disable
                0x08003ffc       0x82 ./Drivers/STM32F1xx_HAL_Driver/Src/stm32f1xx_hal_adc.o
                0x08003ffc                ADC_ConversionStop_Disable
 *fill*         0x0800407e        0x2 
 .text.HAL_ADCEx_Calibration_Start
                0x08004080      0x15c ./Drivers/STM32F1xx_HAL_Driver/Src/stm32f1xx_hal_adc_ex.o
                0x08004080                HAL_ADCEx_Calibration_Start
 .text.__NVIC_SetPriorityGrouping
                0x080041dc       0x48 ./Drivers/STM32F1xx_HAL_Driver/Src/stm32f1xx_hal_cortex.o
 .text.__NVIC_GetPriorityGrouping
                0x08004224       0x1c ./Drivers/STM32F1xx_HAL_Driver/Src/stm32f1xx_hal_cortex.o
 .text.__NVIC_EnableIRQ
                0x08004240       0x38 ./Drivers/STM32F1xx_HAL_Driver/Src/stm32f1xx_hal_cortex.o
 .text.__NVIC_SetPriority
                0x08004278       0x54 ./Drivers/STM32F1xx_HAL_Driver/Src/stm32f1xx_hal_cortex.o
 .text.NVIC_EncodePriority
                0x080042cc       0x64 ./Drivers/STM32F1xx_HAL_Driver/Src/stm32f1xx_hal_cortex.o
 .text.SysTick_Config
                0x08004330       0x44 ./Drivers/STM32F1xx_HAL_Driver/Src/stm32f1xx_hal_cortex.o
 .text.HAL_NVIC_SetPriorityGrouping
                0x08004374       0x16 ./Drivers/STM32F1xx_HAL_Driver/Src/stm32f1xx_hal_cortex.o
                0x08004374                HAL_NVIC_SetPriorityGrouping
 .text.HAL_NVIC_SetPriority
                0x0800438a       0x38 ./Drivers/STM32F1xx_HAL_Driver/Src/stm32f1xx_hal_cortex.o
                0x0800438a                HAL_NVIC_SetPriority
 .text.HAL_NVIC_EnableIRQ
                0x080043c2       0x1c ./Drivers/STM32F1xx_HAL_Driver/Src/stm32f1xx_hal_cortex.o
                0x080043c2                HAL_NVIC_EnableIRQ
 .text.HAL_SYSTICK_Config
                0x080043de       0x18 ./Drivers/STM32F1xx_HAL_Driver/Src/stm32f1xx_hal_cortex.o
                0x080043de                HAL_SYSTICK_Config
 *fill*         0x080043f6        0x2 
 .text.HAL_DMA_Init
                0x080043f8       0xb4 ./Drivers/STM32F1xx_HAL_Driver/Src/stm32f1xx_hal_dma.o
                0x080043f8                HAL_DMA_Init
 .text.HAL_DMA_Abort
                0x080044ac       0x76 ./Drivers/STM32F1xx_HAL_Driver/Src/stm32f1xx_hal_dma.o
                0x080044ac                HAL_DMA_Abort
 *fill*         0x08004522        0x2 
 .text.HAL_DMA_Abort_IT
                0x08004524       0xf0 ./Drivers/STM32F1xx_HAL_Driver/Src/stm32f1xx_hal_dma.o
                0x08004524                HAL_DMA_Abort_IT
 .text.HAL_DMA_IRQHandler
                0x08004614      0x20c ./Drivers/STM32F1xx_HAL_Driver/Src/stm32f1xx_hal_dma.o
                0x08004614                HAL_DMA_IRQHandler
 .text.HAL_GPIO_Init
                0x08004820      0x308 ./Drivers/STM32F1xx_HAL_Driver/Src/stm32f1xx_hal_gpio.o
                0x08004820                HAL_GPIO_Init
 .text.HAL_GPIO_ReadPin
                0x08004b28       0x2e ./Drivers/STM32F1xx_HAL_Driver/Src/stm32f1xx_hal_gpio.o
                0x08004b28                HAL_GPIO_ReadPin
 .text.HAL_GPIO_WritePin
                0x08004b56       0x30 ./Drivers/STM32F1xx_HAL_Driver/Src/stm32f1xx_hal_gpio.o
                0x08004b56                HAL_GPIO_WritePin
 .text.HAL_GPIO_TogglePin
                0x08004b86       0x32 ./Drivers/STM32F1xx_HAL_Driver/Src/stm32f1xx_hal_gpio.o
                0x08004b86                HAL_GPIO_TogglePin
 .text.HAL_RCC_OscConfig
                0x08004bb8      0x504 ./Drivers/STM32F1xx_HAL_Driver/Src/stm32f1xx_hal_rcc.o
                0x08004bb8                HAL_RCC_OscConfig
 .text.HAL_RCC_ClockConfig
                0x080050bc      0x1d4 ./Drivers/STM32F1xx_HAL_Driver/Src/stm32f1xx_hal_rcc.o
                0x080050bc                HAL_RCC_ClockConfig
 .text.HAL_RCC_GetSysClockFreq
                0x08005290       0xa8 ./Drivers/STM32F1xx_HAL_Driver/Src/stm32f1xx_hal_rcc.o
                0x08005290                HAL_RCC_GetSysClockFreq
 .text.HAL_RCC_GetHCLKFreq
                0x08005338       0x14 ./Drivers/STM32F1xx_HAL_Driver/Src/stm32f1xx_hal_rcc.o
                0x08005338                HAL_RCC_GetHCLKFreq
 .text.HAL_RCC_GetPCLK1Freq
                0x0800534c       0x28 ./Drivers/STM32F1xx_HAL_Driver/Src/stm32f1xx_hal_rcc.o
                0x0800534c                HAL_RCC_GetPCLK1Freq
 .text.HAL_RCC_GetPCLK2Freq
                0x08005374       0x28 ./Drivers/STM32F1xx_HAL_Driver/Src/stm32f1xx_hal_rcc.o
                0x08005374                HAL_RCC_GetPCLK2Freq
 .text.RCC_Delay
                0x0800539c       0x3c ./Drivers/STM32F1xx_HAL_Driver/Src/stm32f1xx_hal_rcc.o
 .text.HAL_RCCEx_PeriphCLKConfig
                0x080053d8      0x16c ./Drivers/STM32F1xx_HAL_Driver/Src/stm32f1xx_hal_rcc_ex.o
                0x080053d8                HAL_RCCEx_PeriphCLKConfig
 .text.HAL_RCCEx_GetPeriphCLKFreq
                0x08005544      0x16c ./Drivers/STM32F1xx_HAL_Driver/Src/stm32f1xx_hal_rcc_ex.o
                0x08005544                HAL_RCCEx_GetPeriphCLKFreq
 .text.HAL_TIM_Base_Init
                0x080056b0       0x9e ./Drivers/STM32F1xx_HAL_Driver/Src/stm32f1xx_hal_tim.o
                0x080056b0                HAL_TIM_Base_Init
 *fill*         0x0800574e        0x2 
 .text.HAL_TIM_Base_Start
                0x08005750       0x94 ./Drivers/STM32F1xx_HAL_Driver/Src/stm32f1xx_hal_tim.o
                0x08005750                HAL_TIM_Base_Start
 .text.HAL_TIM_PWM_Init
                0x080057e4       0x9e ./Drivers/STM32F1xx_HAL_Driver/Src/stm32f1xx_hal_tim.o
                0x080057e4                HAL_TIM_PWM_Init
 .text.HAL_TIM_PWM_MspInit
                0x08005882       0x12 ./Drivers/STM32F1xx_HAL_Driver/Src/stm32f1xx_hal_tim.o
                0x08005882                HAL_TIM_PWM_MspInit
 .text.HAL_TIM_PWM_Start
                0x08005894      0x144 ./Drivers/STM32F1xx_HAL_Driver/Src/stm32f1xx_hal_tim.o
                0x08005894                HAL_TIM_PWM_Start
 .text.HAL_TIM_PWM_ConfigChannel
                0x080059d8      0x184 ./Drivers/STM32F1xx_HAL_Driver/Src/stm32f1xx_hal_tim.o
                0x080059d8                HAL_TIM_PWM_ConfigChannel
 .text.HAL_TIM_ConfigClockSource
                0x08005b5c      0x18e ./Drivers/STM32F1xx_HAL_Driver/Src/stm32f1xx_hal_tim.o
                0x08005b5c                HAL_TIM_ConfigClockSource
 *fill*         0x08005cea        0x2 
 .text.TIM_Base_SetConfig
                0x08005cec       0xdc ./Drivers/STM32F1xx_HAL_Driver/Src/stm32f1xx_hal_tim.o
                0x08005cec                TIM_Base_SetConfig
 .text.TIM_OC1_SetConfig
                0x08005dc8       0xcc ./Drivers/STM32F1xx_HAL_Driver/Src/stm32f1xx_hal_tim.o
 .text.TIM_OC2_SetConfig
                0x08005e94       0xd4 ./Drivers/STM32F1xx_HAL_Driver/Src/stm32f1xx_hal_tim.o
                0x08005e94                TIM_OC2_SetConfig
 .text.TIM_OC3_SetConfig
                0x08005f68       0xd4 ./Drivers/STM32F1xx_HAL_Driver/Src/stm32f1xx_hal_tim.o
 .text.TIM_OC4_SetConfig
                0x0800603c       0x9c ./Drivers/STM32F1xx_HAL_Driver/Src/stm32f1xx_hal_tim.o
 .text.TIM_TI1_ConfigInputStage
                0x080060d8       0x5c ./Drivers/STM32F1xx_HAL_Driver/Src/stm32f1xx_hal_tim.o
 .text.TIM_TI2_ConfigInputStage
                0x08006134       0x5e ./Drivers/STM32F1xx_HAL_Driver/Src/stm32f1xx_hal_tim.o
 .text.TIM_ITRx_SetConfig
                0x08006192       0x34 ./Drivers/STM32F1xx_HAL_Driver/Src/stm32f1xx_hal_tim.o
 .text.TIM_ETR_SetConfig
                0x080061c6       0x3e ./Drivers/STM32F1xx_HAL_Driver/Src/stm32f1xx_hal_tim.o
                0x080061c6                TIM_ETR_SetConfig
 .text.TIM_CCxChannelCmd
                0x08006204       0x48 ./Drivers/STM32F1xx_HAL_Driver/Src/stm32f1xx_hal_tim.o
                0x08006204                TIM_CCxChannelCmd
 .text.HAL_TIMEx_MasterConfigSynchronization
                0x0800624c       0xbc ./Drivers/STM32F1xx_HAL_Driver/Src/stm32f1xx_hal_tim_ex.o
                0x0800624c                HAL_TIMEx_MasterConfigSynchronization
 .text.HAL_UART_Init
                0x08006308       0xa0 ./Drivers/STM32F1xx_HAL_Driver/Src/stm32f1xx_hal_uart.o
                0x08006308                HAL_UART_Init
 .text.HAL_UART_Transmit
                0x080063a8      0x116 ./Drivers/STM32F1xx_HAL_Driver/Src/stm32f1xx_hal_uart.o
                0x080063a8                HAL_UART_Transmit
 .text.HAL_UART_Receive_IT
                0x080064be       0x4a ./Drivers/STM32F1xx_HAL_Driver/Src/stm32f1xx_hal_uart.o
                0x080064be                HAL_UART_Receive_IT
 .text.HAL_UART_IRQHandler
                0x08006508      0x524 ./Drivers/STM32F1xx_HAL_Driver/Src/stm32f1xx_hal_uart.o
                0x08006508                HAL_UART_IRQHandler
 .text.HAL_UART_ErrorCallback
                0x08006a2c       0x12 ./Drivers/STM32F1xx_HAL_Driver/Src/stm32f1xx_hal_uart.o
                0x08006a2c                HAL_UART_ErrorCallback
 .text.HAL_UARTEx_RxEventCallback
                0x08006a3e       0x16 ./Drivers/STM32F1xx_HAL_Driver/Src/stm32f1xx_hal_uart.o
                0x08006a3e                HAL_UARTEx_RxEventCallback
 .text.UART_WaitOnFlagUntilTimeout
                0x08006a54       0xb2 ./Drivers/STM32F1xx_HAL_Driver/Src/stm32f1xx_hal_uart.o
 .text.UART_Start_Receive_IT
                0x08006b06       0x72 ./Drivers/STM32F1xx_HAL_Driver/Src/stm32f1xx_hal_uart.o
                0x08006b06                UART_Start_Receive_IT
 .text.UART_EndRxTransfer
                0x08006b78       0xc4 ./Drivers/STM32F1xx_HAL_Driver/Src/stm32f1xx_hal_uart.o
 .text.UART_DMAAbortOnError
                0x08006c3c       0x28 ./Drivers/STM32F1xx_HAL_Driver/Src/stm32f1xx_hal_uart.o
 .text.UART_Transmit_IT
                0x08006c64       0x9e ./Drivers/STM32F1xx_HAL_Driver/Src/stm32f1xx_hal_uart.o
 .text.UART_EndTransmit_IT
                0x08006d02       0x30 ./Drivers/STM32F1xx_HAL_Driver/Src/stm32f1xx_hal_uart.o
 .text.UART_Receive_IT
                0x08006d32      0x17c ./Drivers/STM32F1xx_HAL_Driver/Src/stm32f1xx_hal_uart.o
 *fill*         0x08006eae        0x2 
 .text.UART_SetConfig
                0x08006eb0      0x11c ./Drivers/STM32F1xx_HAL_Driver/Src/stm32f1xx_hal_uart.o
 .text.__cvt    0x08006fcc       0xc8 F:/ST/STM32CubeIDE/plugins/com.st.stm32cube.ide.mcu.externaltools.gnu-tools-for-stm32.13.3.rel1.win32_1.0.0.202411081344/tools/bin/../lib/gcc/arm-none-eabi/13.3.1/../../../../arm-none-eabi/lib/thumb/v7-m/nofp\libc_nano.a(libc_a-nano-vfprintf_float.o)
                0x08006fcc                __cvt
 .text.__exponent
                0x08007094       0x74 F:/ST/STM32CubeIDE/plugins/com.st.stm32cube.ide.mcu.externaltools.gnu-tools-for-stm32.13.3.rel1.win32_1.0.0.202411081344/tools/bin/../lib/gcc/arm-none-eabi/13.3.1/../../../../arm-none-eabi/lib/thumb/v7-m/nofp\libc_nano.a(libc_a-nano-vfprintf_float.o)
                0x08007094                __exponent
 .text._printf_float
                0x08007108      0x458 F:/ST/STM32CubeIDE/plugins/com.st.stm32cube.ide.mcu.externaltools.gnu-tools-for-stm32.13.3.rel1.win32_1.0.0.202411081344/tools/bin/../lib/gcc/arm-none-eabi/13.3.1/../../../../arm-none-eabi/lib/thumb/v7-m/nofp\libc_nano.a(libc_a-nano-vfprintf_float.o)
                0x08007108                _printf_float
 .text._printf_common
                0x08007560       0xe4 F:/ST/STM32CubeIDE/plugins/com.st.stm32cube.ide.mcu.externaltools.gnu-tools-for-stm32.13.3.rel1.win32_1.0.0.202411081344/tools/bin/../lib/gcc/arm-none-eabi/13.3.1/../../../../arm-none-eabi/lib/thumb/v7-m/nofp\libc_nano.a(libc_a-nano-vfprintf_i.o)
                0x08007560                _printf_common
 .text._printf_i
                0x08007644      0x23c F:/ST/STM32CubeIDE/plugins/com.st.stm32cube.ide.mcu.externaltools.gnu-tools-for-stm32.13.3.rel1.win32_1.0.0.202411081344/tools/bin/../lib/gcc/arm-none-eabi/13.3.1/../../../../arm-none-eabi/lib/thumb/v7-m/nofp\libc_nano.a(libc_a-nano-vfprintf_i.o)
                0x08007644                _printf_i
 .text.std      0x08007880       0x6c F:/ST/STM32CubeIDE/plugins/com.st.stm32cube.ide.mcu.externaltools.gnu-tools-for-stm32.13.3.rel1.win32_1.0.0.202411081344/tools/bin/../lib/gcc/arm-none-eabi/13.3.1/../../../../arm-none-eabi/lib/thumb/v7-m/nofp\libc_nano.a(libc_a-findfp.o)
 .text.stdio_exit_handler
                0x080078ec       0x18 F:/ST/STM32CubeIDE/plugins/com.st.stm32cube.ide.mcu.externaltools.gnu-tools-for-stm32.13.3.rel1.win32_1.0.0.202411081344/tools/bin/../lib/gcc/arm-none-eabi/13.3.1/../../../../arm-none-eabi/lib/thumb/v7-m/nofp\libc_nano.a(libc_a-findfp.o)
 .text.cleanup_stdio
                0x08007904       0x40 F:/ST/STM32CubeIDE/plugins/com.st.stm32cube.ide.mcu.externaltools.gnu-tools-for-stm32.13.3.rel1.win32_1.0.0.202411081344/tools/bin/../lib/gcc/arm-none-eabi/13.3.1/../../../../arm-none-eabi/lib/thumb/v7-m/nofp\libc_nano.a(libc_a-findfp.o)
 .text.global_stdio_init.part.0
                0x08007944       0x3c F:/ST/STM32CubeIDE/plugins/com.st.stm32cube.ide.mcu.externaltools.gnu-tools-for-stm32.13.3.rel1.win32_1.0.0.202411081344/tools/bin/../lib/gcc/arm-none-eabi/13.3.1/../../../../arm-none-eabi/lib/thumb/v7-m/nofp\libc_nano.a(libc_a-findfp.o)
 .text.__sfp_lock_acquire
                0x08007980        0xc F:/ST/STM32CubeIDE/plugins/com.st.stm32cube.ide.mcu.externaltools.gnu-tools-for-stm32.13.3.rel1.win32_1.0.0.202411081344/tools/bin/../lib/gcc/arm-none-eabi/13.3.1/../../../../arm-none-eabi/lib/thumb/v7-m/nofp\libc_nano.a(libc_a-findfp.o)
                0x08007980                __sfp_lock_acquire
 .text.__sfp_lock_release
                0x0800798c        0xc F:/ST/STM32CubeIDE/plugins/com.st.stm32cube.ide.mcu.externaltools.gnu-tools-for-stm32.13.3.rel1.win32_1.0.0.202411081344/tools/bin/../lib/gcc/arm-none-eabi/13.3.1/../../../../arm-none-eabi/lib/thumb/v7-m/nofp\libc_nano.a(libc_a-findfp.o)
                0x0800798c                __sfp_lock_release
 .text.__sinit  0x08007998       0x30 F:/ST/STM32CubeIDE/plugins/com.st.stm32cube.ide.mcu.externaltools.gnu-tools-for-stm32.13.3.rel1.win32_1.0.0.202411081344/tools/bin/../lib/gcc/arm-none-eabi/13.3.1/../../../../arm-none-eabi/lib/thumb/v7-m/nofp\libc_nano.a(libc_a-findfp.o)
                0x08007998                __sinit
 .text._fwalk_sglue
                0x080079c8       0x3c F:/ST/STM32CubeIDE/plugins/com.st.stm32cube.ide.mcu.externaltools.gnu-tools-for-stm32.13.3.rel1.win32_1.0.0.202411081344/tools/bin/../lib/gcc/arm-none-eabi/13.3.1/../../../../arm-none-eabi/lib/thumb/v7-m/nofp\libc_nano.a(libc_a-fwalk.o)
                0x080079c8                _fwalk_sglue
 .text.snprintf
                0x08007a04       0x6c F:/ST/STM32CubeIDE/plugins/com.st.stm32cube.ide.mcu.externaltools.gnu-tools-for-stm32.13.3.rel1.win32_1.0.0.202411081344/tools/bin/../lib/gcc/arm-none-eabi/13.3.1/../../../../arm-none-eabi/lib/thumb/v7-m/nofp\libc_nano.a(libc_a-snprintf.o)
                0x08007a04                sniprintf
                0x08007a04                snprintf
 .text.sprintf  0x08007a70       0x44 F:/ST/STM32CubeIDE/plugins/com.st.stm32cube.ide.mcu.externaltools.gnu-tools-for-stm32.13.3.rel1.win32_1.0.0.202411081344/tools/bin/../lib/gcc/arm-none-eabi/13.3.1/../../../../arm-none-eabi/lib/thumb/v7-m/nofp\libc_nano.a(libc_a-sprintf.o)
                0x08007a70                siprintf
                0x08007a70                sprintf
 .text.__sread  0x08007ab4       0x22 F:/ST/STM32CubeIDE/plugins/com.st.stm32cube.ide.mcu.externaltools.gnu-tools-for-stm32.13.3.rel1.win32_1.0.0.202411081344/tools/bin/../lib/gcc/arm-none-eabi/13.3.1/../../../../arm-none-eabi/lib/thumb/v7-m/nofp\libc_nano.a(libc_a-stdio.o)
                0x08007ab4                __sread
 .text.__swrite
                0x08007ad6       0x38 F:/ST/STM32CubeIDE/plugins/com.st.stm32cube.ide.mcu.externaltools.gnu-tools-for-stm32.13.3.rel1.win32_1.0.0.202411081344/tools/bin/../lib/gcc/arm-none-eabi/13.3.1/../../../../arm-none-eabi/lib/thumb/v7-m/nofp\libc_nano.a(libc_a-stdio.o)
                0x08007ad6                __swrite
 .text.__sseek  0x08007b0e       0x24 F:/ST/STM32CubeIDE/plugins/com.st.stm32cube.ide.mcu.externaltools.gnu-tools-for-stm32.13.3.rel1.win32_1.0.0.202411081344/tools/bin/../lib/gcc/arm-none-eabi/13.3.1/../../../../arm-none-eabi/lib/thumb/v7-m/nofp\libc_nano.a(libc_a-stdio.o)
                0x08007b0e                __sseek
 .text.__sclose
                0x08007b32        0x8 F:/ST/STM32CubeIDE/plugins/com.st.stm32cube.ide.mcu.externaltools.gnu-tools-for-stm32.13.3.rel1.win32_1.0.0.202411081344/tools/bin/../lib/gcc/arm-none-eabi/13.3.1/../../../../arm-none-eabi/lib/thumb/v7-m/nofp\libc_nano.a(libc_a-stdio.o)
                0x08007b32                __sclose
 .text._vsnprintf_r
                0x08007b3a       0x5c F:/ST/STM32CubeIDE/plugins/com.st.stm32cube.ide.mcu.externaltools.gnu-tools-for-stm32.13.3.rel1.win32_1.0.0.202411081344/tools/bin/../lib/gcc/arm-none-eabi/13.3.1/../../../../arm-none-eabi/lib/thumb/v7-m/nofp\libc_nano.a(libc_a-vsnprintf.o)
                0x08007b3a                _vsniprintf_r
                0x08007b3a                _vsnprintf_r
 *fill*         0x08007b96        0x2 
 .text.vsnprintf
                0x08007b98       0x1c F:/ST/STM32CubeIDE/plugins/com.st.stm32cube.ide.mcu.externaltools.gnu-tools-for-stm32.13.3.rel1.win32_1.0.0.202411081344/tools/bin/../lib/gcc/arm-none-eabi/13.3.1/../../../../arm-none-eabi/lib/thumb/v7-m/nofp\libc_nano.a(libc_a-vsnprintf.o)
                0x08007b98                vsniprintf
                0x08007b98                vsnprintf
 .text.memset   0x08007bb4       0x10 F:/ST/STM32CubeIDE/plugins/com.st.stm32cube.ide.mcu.externaltools.gnu-tools-for-stm32.13.3.rel1.win32_1.0.0.202411081344/tools/bin/../lib/gcc/arm-none-eabi/13.3.1/../../../../arm-none-eabi/lib/thumb/v7-m/nofp\libc_nano.a(libc_a-memset.o)
                0x08007bb4                memset
 .text.strchr   0x08007bc4       0x1a F:/ST/STM32CubeIDE/plugins/com.st.stm32cube.ide.mcu.externaltools.gnu-tools-for-stm32.13.3.rel1.win32_1.0.0.202411081344/tools/bin/../lib/gcc/arm-none-eabi/13.3.1/../../../../arm-none-eabi/lib/thumb/v7-m/nofp\libc_nano.a(libc_a-strchr.o)
                0x08007bc4                strchr
 .text.strstr   0x08007bde       0x2c F:/ST/STM32CubeIDE/plugins/com.st.stm32cube.ide.mcu.externaltools.gnu-tools-for-stm32.13.3.rel1.win32_1.0.0.202411081344/tools/bin/../lib/gcc/arm-none-eabi/13.3.1/../../../../arm-none-eabi/lib/thumb/v7-m/nofp\libc_nano.a(libc_a-strstr.o)
                0x08007bde                strstr
 *fill*         0x08007c0a        0x2 
 .text._localeconv_r
                0x08007c0c        0x8 F:/ST/STM32CubeIDE/plugins/com.st.stm32cube.ide.mcu.externaltools.gnu-tools-for-stm32.13.3.rel1.win32_1.0.0.202411081344/tools/bin/../lib/gcc/arm-none-eabi/13.3.1/../../../../arm-none-eabi/lib/thumb/v7-m/nofp\libc_nano.a(libc_a-localeconv.o)
                0x08007c0c                _localeconv_r
 .text._close_r
                0x08007c14       0x20 F:/ST/STM32CubeIDE/plugins/com.st.stm32cube.ide.mcu.externaltools.gnu-tools-for-stm32.13.3.rel1.win32_1.0.0.202411081344/tools/bin/../lib/gcc/arm-none-eabi/13.3.1/../../../../arm-none-eabi/lib/thumb/v7-m/nofp\libc_nano.a(libc_a-closer.o)
                0x08007c14                _close_r
 .text._lseek_r
                0x08007c34       0x24 F:/ST/STM32CubeIDE/plugins/com.st.stm32cube.ide.mcu.externaltools.gnu-tools-for-stm32.13.3.rel1.win32_1.0.0.202411081344/tools/bin/../lib/gcc/arm-none-eabi/13.3.1/../../../../arm-none-eabi/lib/thumb/v7-m/nofp\libc_nano.a(libc_a-lseekr.o)
                0x08007c34                _lseek_r
 .text._read_r  0x08007c58       0x24 F:/ST/STM32CubeIDE/plugins/com.st.stm32cube.ide.mcu.externaltools.gnu-tools-for-stm32.13.3.rel1.win32_1.0.0.202411081344/tools/bin/../lib/gcc/arm-none-eabi/13.3.1/../../../../arm-none-eabi/lib/thumb/v7-m/nofp\libc_nano.a(libc_a-readr.o)
                0x08007c58                _read_r
 .text._write_r
                0x08007c7c       0x24 F:/ST/STM32CubeIDE/plugins/com.st.stm32cube.ide.mcu.externaltools.gnu-tools-for-stm32.13.3.rel1.win32_1.0.0.202411081344/tools/bin/../lib/gcc/arm-none-eabi/13.3.1/../../../../arm-none-eabi/lib/thumb/v7-m/nofp\libc_nano.a(libc_a-writer.o)
                0x08007c7c                _write_r
 .text.__errno  0x08007ca0        0xc F:/ST/STM32CubeIDE/plugins/com.st.stm32cube.ide.mcu.externaltools.gnu-tools-for-stm32.13.3.rel1.win32_1.0.0.202411081344/tools/bin/../lib/gcc/arm-none-eabi/13.3.1/../../../../arm-none-eabi/lib/thumb/v7-m/nofp\libc_nano.a(libc_a-errno.o)
                0x08007ca0                __errno
 .text.__libc_init_array
                0x08007cac       0x48 F:/ST/STM32CubeIDE/plugins/com.st.stm32cube.ide.mcu.externaltools.gnu-tools-for-stm32.13.3.rel1.win32_1.0.0.202411081344/tools/bin/../lib/gcc/arm-none-eabi/13.3.1/../../../../arm-none-eabi/lib/thumb/v7-m/nofp\libc_nano.a(libc_a-init.o)
                0x08007cac                __libc_init_array
 .text.__retarget_lock_init_recursive
                0x08007cf4        0x2 F:/ST/STM32CubeIDE/plugins/com.st.stm32cube.ide.mcu.externaltools.gnu-tools-for-stm32.13.3.rel1.win32_1.0.0.202411081344/tools/bin/../lib/gcc/arm-none-eabi/13.3.1/../../../../arm-none-eabi/lib/thumb/v7-m/nofp\libc_nano.a(libc_a-lock.o)
                0x08007cf4                __retarget_lock_init_recursive
 .text.__retarget_lock_acquire_recursive
                0x08007cf6        0x2 F:/ST/STM32CubeIDE/plugins/com.st.stm32cube.ide.mcu.externaltools.gnu-tools-for-stm32.13.3.rel1.win32_1.0.0.202411081344/tools/bin/../lib/gcc/arm-none-eabi/13.3.1/../../../../arm-none-eabi/lib/thumb/v7-m/nofp\libc_nano.a(libc_a-lock.o)
                0x08007cf6                __retarget_lock_acquire_recursive
 .text.__retarget_lock_release_recursive
                0x08007cf8        0x2 F:/ST/STM32CubeIDE/plugins/com.st.stm32cube.ide.mcu.externaltools.gnu-tools-for-stm32.13.3.rel1.win32_1.0.0.202411081344/tools/bin/../lib/gcc/arm-none-eabi/13.3.1/../../../../arm-none-eabi/lib/thumb/v7-m/nofp\libc_nano.a(libc_a-lock.o)
                0x08007cf8                __retarget_lock_release_recursive
 .text.memchr   0x08007cfa       0x1c F:/ST/STM32CubeIDE/plugins/com.st.stm32cube.ide.mcu.externaltools.gnu-tools-for-stm32.13.3.rel1.win32_1.0.0.202411081344/tools/bin/../lib/gcc/arm-none-eabi/13.3.1/../../../../arm-none-eabi/lib/thumb/v7-m/nofp\libc_nano.a(libc_a-memchr-stub.o)
                0x08007cfa                memchr
 .text.quorem   0x08007d16      0x110 F:/ST/STM32CubeIDE/plugins/com.st.stm32cube.ide.mcu.externaltools.gnu-tools-for-stm32.13.3.rel1.win32_1.0.0.202411081344/tools/bin/../lib/gcc/arm-none-eabi/13.3.1/../../../../arm-none-eabi/lib/thumb/v7-m/nofp\libc_nano.a(libc_a-dtoa.o)
 *fill*         0x08007e26        0x2 
 .text._dtoa_r  0x08007e28      0xba8 F:/ST/STM32CubeIDE/plugins/com.st.stm32cube.ide.mcu.externaltools.gnu-tools-for-stm32.13.3.rel1.win32_1.0.0.202411081344/tools/bin/../lib/gcc/arm-none-eabi/13.3.1/../../../../arm-none-eabi/lib/thumb/v7-m/nofp\libc_nano.a(libc_a-dtoa.o)
                0x08007e28                _dtoa_r
 .text._free_r  0x080089d0       0x90 F:/ST/STM32CubeIDE/plugins/com.st.stm32cube.ide.mcu.externaltools.gnu-tools-for-stm32.13.3.rel1.win32_1.0.0.202411081344/tools/bin/../lib/gcc/arm-none-eabi/13.3.1/../../../../arm-none-eabi/lib/thumb/v7-m/nofp\libc_nano.a(libc_a-freer.o)
                0x080089d0                _free_r
 .text.malloc   0x08008a60       0x10 F:/ST/STM32CubeIDE/plugins/com.st.stm32cube.ide.mcu.externaltools.gnu-tools-for-stm32.13.3.rel1.win32_1.0.0.202411081344/tools/bin/../lib/gcc/arm-none-eabi/13.3.1/../../../../arm-none-eabi/lib/thumb/v7-m/nofp\libc_nano.a(libc_a-malloc.o)
                0x08008a60                malloc
 .text.sbrk_aligned
                0x08008a70       0x44 F:/ST/STM32CubeIDE/plugins/com.st.stm32cube.ide.mcu.externaltools.gnu-tools-for-stm32.13.3.rel1.win32_1.0.0.202411081344/tools/bin/../lib/gcc/arm-none-eabi/13.3.1/../../../../arm-none-eabi/lib/thumb/v7-m/nofp\libc_nano.a(libc_a-mallocr.o)
 .text._malloc_r
                0x08008ab4      0x100 F:/ST/STM32CubeIDE/plugins/com.st.stm32cube.ide.mcu.externaltools.gnu-tools-for-stm32.13.3.rel1.win32_1.0.0.202411081344/tools/bin/../lib/gcc/arm-none-eabi/13.3.1/../../../../arm-none-eabi/lib/thumb/v7-m/nofp\libc_nano.a(libc_a-mallocr.o)
                0x08008ab4                _malloc_r
 .text.__malloc_lock
                0x08008bb4        0xc F:/ST/STM32CubeIDE/plugins/com.st.stm32cube.ide.mcu.externaltools.gnu-tools-for-stm32.13.3.rel1.win32_1.0.0.202411081344/tools/bin/../lib/gcc/arm-none-eabi/13.3.1/../../../../arm-none-eabi/lib/thumb/v7-m/nofp\libc_nano.a(libc_a-mlock.o)
                0x08008bb4                __malloc_lock
 .text.__malloc_unlock
                0x08008bc0        0xc F:/ST/STM32CubeIDE/plugins/com.st.stm32cube.ide.mcu.externaltools.gnu-tools-for-stm32.13.3.rel1.win32_1.0.0.202411081344/tools/bin/../lib/gcc/arm-none-eabi/13.3.1/../../../../arm-none-eabi/lib/thumb/v7-m/nofp\libc_nano.a(libc_a-mlock.o)
                0x08008bc0                __malloc_unlock
 .text._Balloc  0x08008bcc       0x80 F:/ST/STM32CubeIDE/plugins/com.st.stm32cube.ide.mcu.externaltools.gnu-tools-for-stm32.13.3.rel1.win32_1.0.0.202411081344/tools/bin/../lib/gcc/arm-none-eabi/13.3.1/../../../../arm-none-eabi/lib/thumb/v7-m/nofp\libc_nano.a(libc_a-mprec.o)
                0x08008bcc                _Balloc
 .text._Bfree   0x08008c4c       0x44 F:/ST/STM32CubeIDE/plugins/com.st.stm32cube.ide.mcu.externaltools.gnu-tools-for-stm32.13.3.rel1.win32_1.0.0.202411081344/tools/bin/../lib/gcc/arm-none-eabi/13.3.1/../../../../arm-none-eabi/lib/thumb/v7-m/nofp\libc_nano.a(libc_a-mprec.o)
                0x08008c4c                _Bfree
 .text.__multadd
                0x08008c90       0x8c F:/ST/STM32CubeIDE/plugins/com.st.stm32cube.ide.mcu.externaltools.gnu-tools-for-stm32.13.3.rel1.win32_1.0.0.202411081344/tools/bin/../lib/gcc/arm-none-eabi/13.3.1/../../../../arm-none-eabi/lib/thumb/v7-m/nofp\libc_nano.a(libc_a-mprec.o)
                0x08008c90                __multadd
 .text.__hi0bits
                0x08008d1c       0x3e F:/ST/STM32CubeIDE/plugins/com.st.stm32cube.ide.mcu.externaltools.gnu-tools-for-stm32.13.3.rel1.win32_1.0.0.202411081344/tools/bin/../lib/gcc/arm-none-eabi/13.3.1/../../../../arm-none-eabi/lib/thumb/v7-m/nofp\libc_nano.a(libc_a-mprec.o)
                0x08008d1c                __hi0bits
 .text.__lo0bits
                0x08008d5a       0x5a F:/ST/STM32CubeIDE/plugins/com.st.stm32cube.ide.mcu.externaltools.gnu-tools-for-stm32.13.3.rel1.win32_1.0.0.202411081344/tools/bin/../lib/gcc/arm-none-eabi/13.3.1/../../../../arm-none-eabi/lib/thumb/v7-m/nofp\libc_nano.a(libc_a-mprec.o)
                0x08008d5a                __lo0bits
 .text.__i2b    0x08008db4       0x2c F:/ST/STM32CubeIDE/plugins/com.st.stm32cube.ide.mcu.externaltools.gnu-tools-for-stm32.13.3.rel1.win32_1.0.0.202411081344/tools/bin/../lib/gcc/arm-none-eabi/13.3.1/../../../../arm-none-eabi/lib/thumb/v7-m/nofp\libc_nano.a(libc_a-mprec.o)
                0x08008db4                __i2b
 .text.__multiply
                0x08008de0      0x144 F:/ST/STM32CubeIDE/plugins/com.st.stm32cube.ide.mcu.externaltools.gnu-tools-for-stm32.13.3.rel1.win32_1.0.0.202411081344/tools/bin/../lib/gcc/arm-none-eabi/13.3.1/../../../../arm-none-eabi/lib/thumb/v7-m/nofp\libc_nano.a(libc_a-mprec.o)
                0x08008de0                __multiply
 .text.__pow5mult
                0x08008f24       0xb4 F:/ST/STM32CubeIDE/plugins/com.st.stm32cube.ide.mcu.externaltools.gnu-tools-for-stm32.13.3.rel1.win32_1.0.0.202411081344/tools/bin/../lib/gcc/arm-none-eabi/13.3.1/../../../../arm-none-eabi/lib/thumb/v7-m/nofp\libc_nano.a(libc_a-mprec.o)
                0x08008f24                __pow5mult
 .text.__lshift
                0x08008fd8       0xd8 F:/ST/STM32CubeIDE/plugins/com.st.stm32cube.ide.mcu.externaltools.gnu-tools-for-stm32.13.3.rel1.win32_1.0.0.202411081344/tools/bin/../lib/gcc/arm-none-eabi/13.3.1/../../../../arm-none-eabi/lib/thumb/v7-m/nofp\libc_nano.a(libc_a-mprec.o)
                0x08008fd8                __lshift
 .text.__mcmp   0x080090b0       0x36 F:/ST/STM32CubeIDE/plugins/com.st.stm32cube.ide.mcu.externaltools.gnu-tools-for-stm32.13.3.rel1.win32_1.0.0.202411081344/tools/bin/../lib/gcc/arm-none-eabi/13.3.1/../../../../arm-none-eabi/lib/thumb/v7-m/nofp\libc_nano.a(libc_a-mprec.o)
                0x080090b0                __mcmp
 *fill*         0x080090e6        0x2 
 .text.__mdiff  0x080090e8      0x128 F:/ST/STM32CubeIDE/plugins/com.st.stm32cube.ide.mcu.externaltools.gnu-tools-for-stm32.13.3.rel1.win32_1.0.0.202411081344/tools/bin/../lib/gcc/arm-none-eabi/13.3.1/../../../../arm-none-eabi/lib/thumb/v7-m/nofp\libc_nano.a(libc_a-mprec.o)
                0x080090e8                __mdiff
 .text.__d2b    0x08009210       0xb0 F:/ST/STM32CubeIDE/plugins/com.st.stm32cube.ide.mcu.externaltools.gnu-tools-for-stm32.13.3.rel1.win32_1.0.0.202411081344/tools/bin/../lib/gcc/arm-none-eabi/13.3.1/../../../../arm-none-eabi/lib/thumb/v7-m/nofp\libc_nano.a(libc_a-mprec.o)
                0x08009210                __d2b
 .text.__ssputs_r
                0x080092c0       0xb6 F:/ST/STM32CubeIDE/plugins/com.st.stm32cube.ide.mcu.externaltools.gnu-tools-for-stm32.13.3.rel1.win32_1.0.0.202411081344/tools/bin/../lib/gcc/arm-none-eabi/13.3.1/../../../../arm-none-eabi/lib/thumb/v7-m/nofp\libc_nano.a(libc_a-nano-svfprintf.o)
                0x080092c0                __ssputs_r
 *fill*         0x08009376        0x2 
 .text._svfprintf_r
                0x08009378      0x1f8 F:/ST/STM32CubeIDE/plugins/com.st.stm32cube.ide.mcu.externaltools.gnu-tools-for-stm32.13.3.rel1.win32_1.0.0.202411081344/tools/bin/../lib/gcc/arm-none-eabi/13.3.1/../../../../arm-none-eabi/lib/thumb/v7-m/nofp\libc_nano.a(libc_a-nano-svfprintf.o)
                0x08009378                _svfiprintf_r
                0x08009378                _svfprintf_r
 .text.__sflush_r
                0x08009570      0x100 F:/ST/STM32CubeIDE/plugins/com.st.stm32cube.ide.mcu.externaltools.gnu-tools-for-stm32.13.3.rel1.win32_1.0.0.202411081344/tools/bin/../lib/gcc/arm-none-eabi/13.3.1/../../../../arm-none-eabi/lib/thumb/v7-m/nofp\libc_nano.a(libc_a-fflush.o)
                0x08009570                __sflush_r
 .text._fflush_r
                0x08009670       0x50 F:/ST/STM32CubeIDE/plugins/com.st.stm32cube.ide.mcu.externaltools.gnu-tools-for-stm32.13.3.rel1.win32_1.0.0.202411081344/tools/bin/../lib/gcc/arm-none-eabi/13.3.1/../../../../arm-none-eabi/lib/thumb/v7-m/nofp\libc_nano.a(libc_a-fflush.o)
                0x08009670                _fflush_r
 .text.memmove  0x080096c0       0x34 F:/ST/STM32CubeIDE/plugins/com.st.stm32cube.ide.mcu.externaltools.gnu-tools-for-stm32.13.3.rel1.win32_1.0.0.202411081344/tools/bin/../lib/gcc/arm-none-eabi/13.3.1/../../../../arm-none-eabi/lib/thumb/v7-m/nofp\libc_nano.a(libc_a-memmove.o)
                0x080096c0                memmove
 .text._sbrk_r  0x080096f4       0x20 F:/ST/STM32CubeIDE/plugins/com.st.stm32cube.ide.mcu.externaltools.gnu-tools-for-stm32.13.3.rel1.win32_1.0.0.202411081344/tools/bin/../lib/gcc/arm-none-eabi/13.3.1/../../../../arm-none-eabi/lib/thumb/v7-m/nofp\libc_nano.a(libc_a-sbrkr.o)
                0x080096f4                _sbrk_r
 .text.memcpy   0x08009714       0x1c F:/ST/STM32CubeIDE/plugins/com.st.stm32cube.ide.mcu.externaltools.gnu-tools-for-stm32.13.3.rel1.win32_1.0.0.202411081344/tools/bin/../lib/gcc/arm-none-eabi/13.3.1/../../../../arm-none-eabi/lib/thumb/v7-m/nofp\libc_nano.a(libc_a-memcpy-stub.o)
                0x08009714                memcpy
 .text.__assert_func
                0x08009730       0x3c F:/ST/STM32CubeIDE/plugins/com.st.stm32cube.ide.mcu.externaltools.gnu-tools-for-stm32.13.3.rel1.win32_1.0.0.202411081344/tools/bin/../lib/gcc/arm-none-eabi/13.3.1/../../../../arm-none-eabi/lib/thumb/v7-m/nofp\libc_nano.a(libc_a-assert.o)
                0x08009730                __assert_func
 .text._calloc_r
                0x0800976c       0x28 F:/ST/STM32CubeIDE/plugins/com.st.stm32cube.ide.mcu.externaltools.gnu-tools-for-stm32.13.3.rel1.win32_1.0.0.202411081344/tools/bin/../lib/gcc/arm-none-eabi/13.3.1/../../../../arm-none-eabi/lib/thumb/v7-m/nofp\libc_nano.a(libc_a-callocr.o)
                0x0800976c                _calloc_r
 .text.__ascii_mbtowc
                0x08009794       0x24 F:/ST/STM32CubeIDE/plugins/com.st.stm32cube.ide.mcu.externaltools.gnu-tools-for-stm32.13.3.rel1.win32_1.0.0.202411081344/tools/bin/../lib/gcc/arm-none-eabi/13.3.1/../../../../arm-none-eabi/lib/thumb/v7-m/nofp\libc_nano.a(libc_a-mbtowc_r.o)
                0x08009794                __ascii_mbtowc
 .text._realloc_r
                0x080097b8       0x5c F:/ST/STM32CubeIDE/plugins/com.st.stm32cube.ide.mcu.externaltools.gnu-tools-for-stm32.13.3.rel1.win32_1.0.0.202411081344/tools/bin/../lib/gcc/arm-none-eabi/13.3.1/../../../../arm-none-eabi/lib/thumb/v7-m/nofp\libc_nano.a(libc_a-reallocr.o)
                0x080097b8                _realloc_r
 .text.__ascii_wctomb
                0x08009814       0x1a F:/ST/STM32CubeIDE/plugins/com.st.stm32cube.ide.mcu.externaltools.gnu-tools-for-stm32.13.3.rel1.win32_1.0.0.202411081344/tools/bin/../lib/gcc/arm-none-eabi/13.3.1/../../../../arm-none-eabi/lib/thumb/v7-m/nofp\libc_nano.a(libc_a-wctomb_r.o)
                0x08009814                __ascii_wctomb
 *fill*         0x0800982e        0x2 
 .text.fprintf  0x08009830       0x24 F:/ST/STM32CubeIDE/plugins/com.st.stm32cube.ide.mcu.externaltools.gnu-tools-for-stm32.13.3.rel1.win32_1.0.0.202411081344/tools/bin/../lib/gcc/arm-none-eabi/13.3.1/../../../../arm-none-eabi/lib/thumb/v7-m/nofp\libc_nano.a(libc_a-fprintf.o)
                0x08009830                fiprintf
                0x08009830                fprintf
 .text.abort    0x08009854        0xe F:/ST/STM32CubeIDE/plugins/com.st.stm32cube.ide.mcu.externaltools.gnu-tools-for-stm32.13.3.rel1.win32_1.0.0.202411081344/tools/bin/../lib/gcc/arm-none-eabi/13.3.1/../../../../arm-none-eabi/lib/thumb/v7-m/nofp\libc_nano.a(libc_a-abort.o)
                0x08009854                abort
 .text._malloc_usable_size_r
                0x08009862       0x10 F:/ST/STM32CubeIDE/plugins/com.st.stm32cube.ide.mcu.externaltools.gnu-tools-for-stm32.13.3.rel1.win32_1.0.0.202411081344/tools/bin/../lib/gcc/arm-none-eabi/13.3.1/../../../../arm-none-eabi/lib/thumb/v7-m/nofp\libc_nano.a(libc_a-msizer.o)
                0x08009862                _malloc_usable_size_r
 .text.__sfputc_r
                0x08009872       0x2a F:/ST/STM32CubeIDE/plugins/com.st.stm32cube.ide.mcu.externaltools.gnu-tools-for-stm32.13.3.rel1.win32_1.0.0.202411081344/tools/bin/../lib/gcc/arm-none-eabi/13.3.1/../../../../arm-none-eabi/lib/thumb/v7-m/nofp\libc_nano.a(libc_a-nano-vfprintf.o)
 .text.__sfputs_r
                0x0800989c       0x24 F:/ST/STM32CubeIDE/plugins/com.st.stm32cube.ide.mcu.externaltools.gnu-tools-for-stm32.13.3.rel1.win32_1.0.0.202411081344/tools/bin/../lib/gcc/arm-none-eabi/13.3.1/../../../../arm-none-eabi/lib/thumb/v7-m/nofp\libc_nano.a(libc_a-nano-vfprintf.o)
                0x0800989c                __sfputs_r
 .text._vfprintf_r
                0x080098c0      0x230 F:/ST/STM32CubeIDE/plugins/com.st.stm32cube.ide.mcu.externaltools.gnu-tools-for-stm32.13.3.rel1.win32_1.0.0.202411081344/tools/bin/../lib/gcc/arm-none-eabi/13.3.1/../../../../arm-none-eabi/lib/thumb/v7-m/nofp\libc_nano.a(libc_a-nano-vfprintf.o)
                0x080098c0                _vfprintf_r
                0x080098c0                _vfiprintf_r
 .text.__swbuf_r
                0x08009af0       0x7c F:/ST/STM32CubeIDE/plugins/com.st.stm32cube.ide.mcu.externaltools.gnu-tools-for-stm32.13.3.rel1.win32_1.0.0.202411081344/tools/bin/../lib/gcc/arm-none-eabi/13.3.1/../../../../arm-none-eabi/lib/thumb/v7-m/nofp\libc_nano.a(libc_a-wbuf.o)
                0x08009af0                __swbuf_r
 .text.__swsetup_r
                0x08009b6c       0xac F:/ST/STM32CubeIDE/plugins/com.st.stm32cube.ide.mcu.externaltools.gnu-tools-for-stm32.13.3.rel1.win32_1.0.0.202411081344/tools/bin/../lib/gcc/arm-none-eabi/13.3.1/../../../../arm-none-eabi/lib/thumb/v7-m/nofp\libc_nano.a(libc_a-wsetup.o)
                0x08009b6c                __swsetup_r
 .text._raise_r
                0x08009c18       0x50 F:/ST/STM32CubeIDE/plugins/com.st.stm32cube.ide.mcu.externaltools.gnu-tools-for-stm32.13.3.rel1.win32_1.0.0.202411081344/tools/bin/../lib/gcc/arm-none-eabi/13.3.1/../../../../arm-none-eabi/lib/thumb/v7-m/nofp\libc_nano.a(libc_a-signal.o)
                0x08009c18                _raise_r
 .text.raise    0x08009c68       0x10 F:/ST/STM32CubeIDE/plugins/com.st.stm32cube.ide.mcu.externaltools.gnu-tools-for-stm32.13.3.rel1.win32_1.0.0.202411081344/tools/bin/../lib/gcc/arm-none-eabi/13.3.1/../../../../arm-none-eabi/lib/thumb/v7-m/nofp\libc_nano.a(libc_a-signal.o)
                0x08009c68                raise
 .text._kill_r  0x08009c78       0x24 F:/ST/STM32CubeIDE/plugins/com.st.stm32cube.ide.mcu.externaltools.gnu-tools-for-stm32.13.3.rel1.win32_1.0.0.202411081344/tools/bin/../lib/gcc/arm-none-eabi/13.3.1/../../../../arm-none-eabi/lib/thumb/v7-m/nofp\libc_nano.a(libc_a-signalr.o)
                0x08009c78                _kill_r
 .text._getpid_r
                0x08009c9c        0x4 F:/ST/STM32CubeIDE/plugins/com.st.stm32cube.ide.mcu.externaltools.gnu-tools-for-stm32.13.3.rel1.win32_1.0.0.202411081344/tools/bin/../lib/gcc/arm-none-eabi/13.3.1/../../../../arm-none-eabi/lib/thumb/v7-m/nofp\libc_nano.a(libc_a-signalr.o)
                0x08009c9c                _getpid_r
 .text.__swhatbuf_r
                0x08009ca0       0x4a F:/ST/STM32CubeIDE/plugins/com.st.stm32cube.ide.mcu.externaltools.gnu-tools-for-stm32.13.3.rel1.win32_1.0.0.202411081344/tools/bin/../lib/gcc/arm-none-eabi/13.3.1/../../../../arm-none-eabi/lib/thumb/v7-m/nofp\libc_nano.a(libc_a-makebuf.o)
                0x08009ca0                __swhatbuf_r
 .text.__smakebuf_r
                0x08009cea       0x78 F:/ST/STM32CubeIDE/plugins/com.st.stm32cube.ide.mcu.externaltools.gnu-tools-for-stm32.13.3.rel1.win32_1.0.0.202411081344/tools/bin/../lib/gcc/arm-none-eabi/13.3.1/../../../../arm-none-eabi/lib/thumb/v7-m/nofp\libc_nano.a(libc_a-makebuf.o)
                0x08009cea                __smakebuf_r
 *fill*         0x08009d62        0x2 
 .text._fstat_r
                0x08009d64       0x24 F:/ST/STM32CubeIDE/plugins/com.st.stm32cube.ide.mcu.externaltools.gnu-tools-for-stm32.13.3.rel1.win32_1.0.0.202411081344/tools/bin/../lib/gcc/arm-none-eabi/13.3.1/../../../../arm-none-eabi/lib/thumb/v7-m/nofp\libc_nano.a(libc_a-fstatr.o)
                0x08009d64                _fstat_r
 .text._isatty_r
                0x08009d88       0x20 F:/ST/STM32CubeIDE/plugins/com.st.stm32cube.ide.mcu.externaltools.gnu-tools-for-stm32.13.3.rel1.win32_1.0.0.202411081344/tools/bin/../lib/gcc/arm-none-eabi/13.3.1/../../../../arm-none-eabi/lib/thumb/v7-m/nofp\libc_nano.a(libc_a-isattyr.o)
                0x08009d88                _isatty_r
 *(.glue_7)
 .glue_7        0x08009da8        0x0 linker stubs
 *(.glue_7t)
 .glue_7t       0x08009da8        0x0 linker stubs
 *(.eh_frame)
 .eh_frame      0x08009da8        0x0 F:/ST/STM32CubeIDE/plugins/com.st.stm32cube.ide.mcu.externaltools.gnu-tools-for-stm32.13.3.rel1.win32_1.0.0.202411081344/tools/bin/../lib/gcc/arm-none-eabi/13.3.1/thumb/v7-m/nofp/crtbegin.o
 *(.init)
 .init          0x08009da8        0x4 F:/ST/STM32CubeIDE/plugins/com.st.stm32cube.ide.mcu.externaltools.gnu-tools-for-stm32.13.3.rel1.win32_1.0.0.202411081344/tools/bin/../lib/gcc/arm-none-eabi/13.3.1/thumb/v7-m/nofp/crti.o
                0x08009da8                _init
 .init          0x08009dac        0x8 F:/ST/STM32CubeIDE/plugins/com.st.stm32cube.ide.mcu.externaltools.gnu-tools-for-stm32.13.3.rel1.win32_1.0.0.202411081344/tools/bin/../lib/gcc/arm-none-eabi/13.3.1/thumb/v7-m/nofp/crtn.o
 *(.fini)
 .fini          0x08009db4        0x4 F:/ST/STM32CubeIDE/plugins/com.st.stm32cube.ide.mcu.externaltools.gnu-tools-for-stm32.13.3.rel1.win32_1.0.0.202411081344/tools/bin/../lib/gcc/arm-none-eabi/13.3.1/thumb/v7-m/nofp/crti.o
                0x08009db4                _fini
 .fini          0x08009db8        0x8 F:/ST/STM32CubeIDE/plugins/com.st.stm32cube.ide.mcu.externaltools.gnu-tools-for-stm32.13.3.rel1.win32_1.0.0.202411081344/tools/bin/../lib/gcc/arm-none-eabi/13.3.1/thumb/v7-m/nofp/crtn.o
                0x08009dc0                        . = ALIGN (0x4)
                0x08009dc0                        _etext = .

.vfp11_veneer   0x08009dc0        0x0
 .vfp11_veneer  0x08009dc0        0x0 linker stubs

.v4_bx          0x08009dc0        0x0
 .v4_bx         0x08009dc0        0x0 linker stubs

.iplt           0x08009dc0        0x0
 .iplt          0x08009dc0        0x0 F:/ST/STM32CubeIDE/plugins/com.st.stm32cube.ide.mcu.externaltools.gnu-tools-for-stm32.13.3.rel1.win32_1.0.0.202411081344/tools/bin/../lib/gcc/arm-none-eabi/13.3.1/thumb/v7-m/nofp/crtbegin.o

.rodata         0x08009dc0      0x690
                0x08009dc0                        . = ALIGN (0x4)
 *(.rodata)
 .rodata        0x08009dc0       0xdf ./Core/Modules/Src/lcd.o
 *fill*         0x08009e9f        0x1 
 .rodata        0x08009ea0       0x3c ./Core/Tasks/Src/esp_task.o
 .rodata        0x08009edc       0x4c ./Core/Tasks/Src/system_init.o
 .rodata        0x08009f28      0x13f ./Core/Tasks/Src/uart3_task.o
 *fill*         0x0800a067        0x1 
 .rodata        0x0800a068       0x39 ./Core/Tasks/Src/uart_task.o
 *(.rodata*)
 *fill*         0x0800a0a1        0x3 
 .rodata.AHBPrescTable
                0x0800a0a4       0x10 ./Core/Src/system_stm32f1xx.o
                0x0800a0a4                AHBPrescTable
 .rodata.APBPrescTable
                0x0800a0b4        0x8 ./Core/Src/system_stm32f1xx.o
                0x0800a0b4                APBPrescTable
 .rodata.aPLLMULFactorTable.1
                0x0800a0bc       0x10 ./Drivers/STM32F1xx_HAL_Driver/Src/stm32f1xx_hal_rcc.o
 .rodata.aPredivFactorTable.0
                0x0800a0cc        0x2 ./Drivers/STM32F1xx_HAL_Driver/Src/stm32f1xx_hal_rcc.o
 *fill*         0x0800a0ce        0x2 
 .rodata.aPLLMULFactorTable.1
                0x0800a0d0       0x10 ./Drivers/STM32F1xx_HAL_Driver/Src/stm32f1xx_hal_rcc_ex.o
 .rodata.aPredivFactorTable.0
                0x0800a0e0        0x2 ./Drivers/STM32F1xx_HAL_Driver/Src/stm32f1xx_hal_rcc_ex.o
 .rodata._ctype_
                0x0800a0e2      0x101 F:/ST/STM32CubeIDE/plugins/com.st.stm32cube.ide.mcu.externaltools.gnu-tools-for-stm32.13.3.rel1.win32_1.0.0.202411081344/tools/bin/../lib/gcc/arm-none-eabi/13.3.1/../../../../arm-none-eabi/lib/thumb/v7-m/nofp\libc_nano.a(libc_a-ctype_.o)
                0x0800a0e2                _ctype_
 .rodata._printf_float.str1.1
                0x0800a1e3      0x171 F:/ST/STM32CubeIDE/plugins/com.st.stm32cube.ide.mcu.externaltools.gnu-tools-for-stm32.13.3.rel1.win32_1.0.0.202411081344/tools/bin/../lib/gcc/arm-none-eabi/13.3.1/../../../../arm-none-eabi/lib/thumb/v7-m/nofp\libc_nano.a(libc_a-nano-vfprintf_float.o)
                                 0x12 (size before relaxing)
 .rodata._printf_i.str1.1
                0x0800a354       0x22 F:/ST/STM32CubeIDE/plugins/com.st.stm32cube.ide.mcu.externaltools.gnu-tools-for-stm32.13.3.rel1.win32_1.0.0.202411081344/tools/bin/../lib/gcc/arm-none-eabi/13.3.1/../../../../arm-none-eabi/lib/thumb/v7-m/nofp\libc_nano.a(libc_a-nano-vfprintf_i.o)
 .rodata._dtoa_r.str1.1
                0x0800a354       0x8f F:/ST/STM32CubeIDE/plugins/com.st.stm32cube.ide.mcu.externaltools.gnu-tools-for-stm32.13.3.rel1.win32_1.0.0.202411081344/tools/bin/../lib/gcc/arm-none-eabi/13.3.1/../../../../arm-none-eabi/lib/thumb/v7-m/nofp\libc_nano.a(libc_a-dtoa.o)
 .rodata._Balloc.str1.1
                0x0800a354       0x70 F:/ST/STM32CubeIDE/plugins/com.st.stm32cube.ide.mcu.externaltools.gnu-tools-for-stm32.13.3.rel1.win32_1.0.0.202411081344/tools/bin/../lib/gcc/arm-none-eabi/13.3.1/../../../../arm-none-eabi/lib/thumb/v7-m/nofp\libc_nano.a(libc_a-mprec.o)
 .rodata.__multadd.str1.1
                0x0800a354       0x11 F:/ST/STM32CubeIDE/plugins/com.st.stm32cube.ide.mcu.externaltools.gnu-tools-for-stm32.13.3.rel1.win32_1.0.0.202411081344/tools/bin/../lib/gcc/arm-none-eabi/13.3.1/../../../../arm-none-eabi/lib/thumb/v7-m/nofp\libc_nano.a(libc_a-mprec.o)
 .rodata.p05.0  0x0800a354        0xc F:/ST/STM32CubeIDE/plugins/com.st.stm32cube.ide.mcu.externaltools.gnu-tools-for-stm32.13.3.rel1.win32_1.0.0.202411081344/tools/bin/../lib/gcc/arm-none-eabi/13.3.1/../../../../arm-none-eabi/lib/thumb/v7-m/nofp\libc_nano.a(libc_a-mprec.o)
 .rodata.__mprec_bigtens
                0x0800a360       0x28 F:/ST/STM32CubeIDE/plugins/com.st.stm32cube.ide.mcu.externaltools.gnu-tools-for-stm32.13.3.rel1.win32_1.0.0.202411081344/tools/bin/../lib/gcc/arm-none-eabi/13.3.1/../../../../arm-none-eabi/lib/thumb/v7-m/nofp\libc_nano.a(libc_a-mprec.o)
                0x0800a360                __mprec_bigtens
 .rodata.__mprec_tens
                0x0800a388       0xc8 F:/ST/STM32CubeIDE/plugins/com.st.stm32cube.ide.mcu.externaltools.gnu-tools-for-stm32.13.3.rel1.win32_1.0.0.202411081344/tools/bin/../lib/gcc/arm-none-eabi/13.3.1/../../../../arm-none-eabi/lib/thumb/v7-m/nofp\libc_nano.a(libc_a-mprec.o)
                0x0800a388                __mprec_tens
 .rodata._svfprintf_r.str1.1
                0x0800a450       0x11 F:/ST/STM32CubeIDE/plugins/com.st.stm32cube.ide.mcu.externaltools.gnu-tools-for-stm32.13.3.rel1.win32_1.0.0.202411081344/tools/bin/../lib/gcc/arm-none-eabi/13.3.1/../../../../arm-none-eabi/lib/thumb/v7-m/nofp\libc_nano.a(libc_a-nano-svfprintf.o)
 .rodata._setlocale_r.str1.1
                0x0800a450        0x9 F:/ST/STM32CubeIDE/plugins/com.st.stm32cube.ide.mcu.externaltools.gnu-tools-for-stm32.13.3.rel1.win32_1.0.0.202411081344/tools/bin/../lib/gcc/arm-none-eabi/13.3.1/../../../../arm-none-eabi/lib/thumb/v7-m/nofp\libc_nano.a(libc_a-locale.o)
 .rodata.str1.1
                0x0800a450        0x2 F:/ST/STM32CubeIDE/plugins/com.st.stm32cube.ide.mcu.externaltools.gnu-tools-for-stm32.13.3.rel1.win32_1.0.0.202411081344/tools/bin/../lib/gcc/arm-none-eabi/13.3.1/../../../../arm-none-eabi/lib/thumb/v7-m/nofp\libc_nano.a(libc_a-locale.o)
 .rodata.__assert_func.str1.1
                0x0800a450       0x3d F:/ST/STM32CubeIDE/plugins/com.st.stm32cube.ide.mcu.externaltools.gnu-tools-for-stm32.13.3.rel1.win32_1.0.0.202411081344/tools/bin/../lib/gcc/arm-none-eabi/13.3.1/../../../../arm-none-eabi/lib/thumb/v7-m/nofp\libc_nano.a(libc_a-assert.o)
 .rodata._vfprintf_r.str1.1
                0x0800a450       0x11 F:/ST/STM32CubeIDE/plugins/com.st.stm32cube.ide.mcu.externaltools.gnu-tools-for-stm32.13.3.rel1.win32_1.0.0.202411081344/tools/bin/../lib/gcc/arm-none-eabi/13.3.1/../../../../arm-none-eabi/lib/thumb/v7-m/nofp\libc_nano.a(libc_a-nano-vfprintf.o)
                0x0800a490                        . = ALIGN (0x4)

.ARM.extab      0x0800a450        0x0
                0x0800a450                        . = ALIGN (0x4)
 *(.ARM.extab* .gnu.linkonce.armextab.*)
                0x0800a450                        . = ALIGN (0x4)

.ARM            0x0800a450        0x8
                0x0800a450                        . = ALIGN (0x4)
                0x0800a450                        __exidx_start = .
 *(.ARM.exidx*)
 .ARM.exidx     0x0800a450        0x8 F:/ST/STM32CubeIDE/plugins/com.st.stm32cube.ide.mcu.externaltools.gnu-tools-for-stm32.13.3.rel1.win32_1.0.0.202411081344/tools/bin/../lib/gcc/arm-none-eabi/13.3.1/../../../../arm-none-eabi/lib/thumb/v7-m/nofp\libc_nano.a(libc_a-strlen.o)
                0x0800a458                        __exidx_end = .
                0x0800a458                        . = ALIGN (0x4)

.preinit_array  0x0800a458        0x0
                0x0800a458                        . = ALIGN (0x4)
                0x0800a458                        PROVIDE (__preinit_array_start = .)
 *(.preinit_array*)
                0x0800a458                        PROVIDE (__preinit_array_end = .)
                0x0800a458                        . = ALIGN (0x4)

.init_array     0x0800a458        0x4
                0x0800a458                        . = ALIGN (0x4)
                0x0800a458                        PROVIDE (__init_array_start = .)
 *(SORT_BY_NAME(.init_array.*))
 *(.init_array*)
 .init_array    0x0800a458        0x4 F:/ST/STM32CubeIDE/plugins/com.st.stm32cube.ide.mcu.externaltools.gnu-tools-for-stm32.13.3.rel1.win32_1.0.0.202411081344/tools/bin/../lib/gcc/arm-none-eabi/13.3.1/thumb/v7-m/nofp/crtbegin.o
                0x0800a45c                        PROVIDE (__init_array_end = .)
                0x0800a45c                        . = ALIGN (0x4)

.fini_array     0x0800a45c        0x4
                0x0800a45c                        . = ALIGN (0x4)
                [!provide]                        PROVIDE (__fini_array_start = .)
 *(SORT_BY_NAME(.fini_array.*))
 *(.fini_array*)
 .fini_array    0x0800a45c        0x4 F:/ST/STM32CubeIDE/plugins/com.st.stm32cube.ide.mcu.externaltools.gnu-tools-for-stm32.13.3.rel1.win32_1.0.0.202411081344/tools/bin/../lib/gcc/arm-none-eabi/13.3.1/thumb/v7-m/nofp/crtbegin.o
                [!provide]                        PROVIDE (__fini_array_end = .)
                0x0800a460                        . = ALIGN (0x4)
                0x0800a460                        _sidata = LOADADDR (.data)

.rel.dyn        0x0800a460        0x0
 .rel.iplt      0x0800a460        0x0 F:/ST/STM32CubeIDE/plugins/com.st.stm32cube.ide.mcu.externaltools.gnu-tools-for-stm32.13.3.rel1.win32_1.0.0.202411081344/tools/bin/../lib/gcc/arm-none-eabi/13.3.1/thumb/v7-m/nofp/crtbegin.o

.data           0x20000000      0x1d8 load address 0x0800a460
                0x20000000                        . = ALIGN (0x4)
                0x20000000                        _sdata = .
 *(.data)
 *(.data*)
 .data.auto_mode
                0x20000000        0x1 ./Core/Modules/Src/greenhouse_state.o
                0x20000000                auto_mode
 *fill*         0x20000001        0x3 
 .data.SystemCoreClock
                0x20000004        0x4 ./Core/Src/system_stm32f1xx.o
                0x20000004                SystemCoreClock
 .data.uwTickPrio
                0x20000008        0x4 ./Drivers/STM32F1xx_HAL_Driver/Src/stm32f1xx_hal.o
                0x20000008                uwTickPrio
 .data.uwTickFreq
                0x2000000c        0x1 ./Drivers/STM32F1xx_HAL_Driver/Src/stm32f1xx_hal.o
                0x2000000c                uwTickFreq
 *fill*         0x2000000d        0x3 
 .data.__sglue  0x20000010        0xc F:/ST/STM32CubeIDE/plugins/com.st.stm32cube.ide.mcu.externaltools.gnu-tools-for-stm32.13.3.rel1.win32_1.0.0.202411081344/tools/bin/../lib/gcc/arm-none-eabi/13.3.1/../../../../arm-none-eabi/lib/thumb/v7-m/nofp\libc_nano.a(libc_a-findfp.o)
                0x20000010                __sglue
 .data._impure_ptr
                0x2000001c        0x4 F:/ST/STM32CubeIDE/plugins/com.st.stm32cube.ide.mcu.externaltools.gnu-tools-for-stm32.13.3.rel1.win32_1.0.0.202411081344/tools/bin/../lib/gcc/arm-none-eabi/13.3.1/../../../../arm-none-eabi/lib/thumb/v7-m/nofp\libc_nano.a(libc_a-impure.o)
                0x2000001c                _impure_ptr
 .data._impure_data
                0x20000020       0x4c F:/ST/STM32CubeIDE/plugins/com.st.stm32cube.ide.mcu.externaltools.gnu-tools-for-stm32.13.3.rel1.win32_1.0.0.202411081344/tools/bin/../lib/gcc/arm-none-eabi/13.3.1/../../../../arm-none-eabi/lib/thumb/v7-m/nofp\libc_nano.a(libc_a-impure.o)
                0x20000020                _impure_data
 .data.__global_locale
                0x2000006c      0x16c F:/ST/STM32CubeIDE/plugins/com.st.stm32cube.ide.mcu.externaltools.gnu-tools-for-stm32.13.3.rel1.win32_1.0.0.202411081344/tools/bin/../lib/gcc/arm-none-eabi/13.3.1/../../../../arm-none-eabi/lib/thumb/v7-m/nofp\libc_nano.a(libc_a-locale.o)
                0x2000006c                __global_locale
 *(.RamFunc)
 *(.RamFunc*)
                0x200001d8                        . = ALIGN (0x4)
                0x200001d8                        _edata = .

.igot.plt       0x200001d8        0x0 load address 0x0800a638
 .igot.plt      0x200001d8        0x0 F:/ST/STM32CubeIDE/plugins/com.st.stm32cube.ide.mcu.externaltools.gnu-tools-for-stm32.13.3.rel1.win32_1.0.0.202411081344/tools/bin/../lib/gcc/arm-none-eabi/13.3.1/thumb/v7-m/nofp/crtbegin.o
                0x200001d8                        . = ALIGN (0x4)

.bss            0x200001d8      0x678 load address 0x0800a638
                0x200001d8                        _sbss = .
                0x200001d8                        __bss_start__ = _sbss
 *(.bss)
 .bss           0x200001d8       0x1c F:/ST/STM32CubeIDE/plugins/com.st.stm32cube.ide.mcu.externaltools.gnu-tools-for-stm32.13.3.rel1.win32_1.0.0.202411081344/tools/bin/../lib/gcc/arm-none-eabi/13.3.1/thumb/v7-m/nofp/crtbegin.o
 *(.bss*)
 .bss.espUart   0x200001f4        0x4 ./Core/Modules/Src/esp_uart.o
 .bss.busy      0x200001f8        0x1 ./Core/Modules/Src/esp_uart.o
 *fill*         0x200001f9        0x1 
 .bss.ldrValue  0x200001fa        0x2 ./Core/Modules/Src/greenhouse_state.o
                0x200001fa                ldrValue
 .bss.gasData   0x200001fc        0x4 ./Core/Modules/Src/greenhouse_state.o
                0x200001fc                gasData
 .bss.soilData  0x20000200        0x4 ./Core/Modules/Src/greenhouse_state.o
                0x20000200                soilData
 .bss.temperature
                0x20000204        0x4 ./Core/Modules/Src/greenhouse_state.o
                0x20000204                temperature
 .bss.humidity  0x20000208        0x4 ./Core/Modules/Src/greenhouse_state.o
                0x20000208                humidity
 .bss.alarm     0x2000020c        0x1 ./Core/Modules/Src/greenhouse_state.o
                0x2000020c                alarm
 .bss.fan       0x2000020d        0x1 ./Core/Modules/Src/greenhouse_state.o
                0x2000020d                fan
 .bss.pump      0x2000020e        0x1 ./Core/Modules/Src/greenhouse_state.o
                0x2000020e                pump
 .bss.heater    0x2000020f        0x1 ./Core/Modules/Src/greenhouse_state.o
                0x2000020f                heater
 .bss.light     0x20000210        0x1 ./Core/Modules/Src/greenhouse_state.o
                0x20000210                light
 *fill*         0x20000211        0x3 
 .bss.uartBuffer
                0x20000214       0x64 ./Core/Modules/Src/greenhouse_state.o
                0x20000214                uartBuffer
 .bss.heaterState
                0x20000278        0x1 ./Core/Modules/Src/heater.o
 *fill*         0x20000279        0x3 
 .bss.lcdBuffer
                0x2000027c       0x40 ./Core/Modules/Src/lcd.o
 .bss.pumpState
                0x200002bc        0x1 ./Core/Modules/Src/pump.o
 *fill*         0x200002bd        0x3 
 .bss.rgbTimer  0x200002c0        0x4 ./Core/Modules/Src/rgb_led.o
 .bss.hadc1     0x200002c4       0x30 ./Core/Src/main.o
                0x200002c4                hadc1
 .bss.htim2     0x200002f4       0x48 ./Core/Src/main.o
                0x200002f4                htim2
 .bss.htim4     0x2000033c       0x48 ./Core/Src/main.o
                0x2000033c                htim4
 .bss.huart1    0x20000384       0x48 ./Core/Src/main.o
                0x20000384                huart1
 .bss.huart3    0x200003cc       0x48 ./Core/Src/main.o
                0x200003cc                huart3
 .bss.hdma_usart3_tx
                0x20000414       0x44 ./Core/Src/main.o
                0x20000414                hdma_usart3_tx
 .bss.sensorTick
                0x20000458        0x4 ./Core/Src/main.o
                0x20000458                sensorTick
 .bss.controlTick
                0x2000045c        0x4 ./Core/Src/main.o
                0x2000045c                controlTick
 .bss.lcdTick   0x20000460        0x4 ./Core/Src/main.o
                0x20000460                lcdTick
 .bss.uartTick  0x20000464        0x4 ./Core/Src/main.o
                0x20000464                uartTick
 .bss.espTick   0x20000468        0x4 ./Core/Src/main.o
                0x20000468                espTick
 .bss.__sbrk_heap_end
                0x2000046c        0x4 ./Core/Src/sysmem.o
 .bss.txBuffer  0x20000470       0x80 ./Core/Tasks/Src/esp_task.o
 .bss.rxChar    0x200004f0        0x1 ./Core/Tasks/Src/uart3_task.o
 *fill*         0x200004f1        0x3 
 .bss.uart3Buffer
                0x200004f4      0x100 ./Core/Tasks/Src/uart3_task.o
 .bss.rxIndex   0x200005f4        0x1 ./Core/Tasks/Src/uart3_task.o
 *fill*         0x200005f5        0x3 
 .bss.lastRxTime
                0x200005f8        0x4 ./Core/Tasks/Src/uart3_task.o
 .bss.packetReady
                0x200005fc        0x1 ./Core/Tasks/Src/uart3_task.o
 *fill*         0x200005fd        0x3 
 .bss.debugMsg  0x20000600      0x100 ./Core/Tasks/Src/uart3_task.o
                0x20000600                debugMsg
 .bss.uwTick    0x20000700        0x4 ./Drivers/STM32F1xx_HAL_Driver/Src/stm32f1xx_hal.o
                0x20000700                uwTick
 .bss.__sf      0x20000704      0x138 F:/ST/STM32CubeIDE/plugins/com.st.stm32cube.ide.mcu.externaltools.gnu-tools-for-stm32.13.3.rel1.win32_1.0.0.202411081344/tools/bin/../lib/gcc/arm-none-eabi/13.3.1/../../../../arm-none-eabi/lib/thumb/v7-m/nofp\libc_nano.a(libc_a-findfp.o)
                0x20000704                __sf
 .bss.__stdio_exit_handler
                0x2000083c        0x4 F:/ST/STM32CubeIDE/plugins/com.st.stm32cube.ide.mcu.externaltools.gnu-tools-for-stm32.13.3.rel1.win32_1.0.0.202411081344/tools/bin/../lib/gcc/arm-none-eabi/13.3.1/../../../../arm-none-eabi/lib/thumb/v7-m/nofp\libc_nano.a(libc_a-findfp.o)
                0x2000083c                __stdio_exit_handler
 .bss.errno     0x20000840        0x4 F:/ST/STM32CubeIDE/plugins/com.st.stm32cube.ide.mcu.externaltools.gnu-tools-for-stm32.13.3.rel1.win32_1.0.0.202411081344/tools/bin/../lib/gcc/arm-none-eabi/13.3.1/../../../../arm-none-eabi/lib/thumb/v7-m/nofp\libc_nano.a(libc_a-reent.o)
                0x20000840                errno
 .bss.__lock___malloc_recursive_mutex
                0x20000844        0x1 F:/ST/STM32CubeIDE/plugins/com.st.stm32cube.ide.mcu.externaltools.gnu-tools-for-stm32.13.3.rel1.win32_1.0.0.202411081344/tools/bin/../lib/gcc/arm-none-eabi/13.3.1/../../../../arm-none-eabi/lib/thumb/v7-m/nofp\libc_nano.a(libc_a-lock.o)
                0x20000844                __lock___malloc_recursive_mutex
 .bss.__lock___sfp_recursive_mutex
                0x20000845        0x1 F:/ST/STM32CubeIDE/plugins/com.st.stm32cube.ide.mcu.externaltools.gnu-tools-for-stm32.13.3.rel1.win32_1.0.0.202411081344/tools/bin/../lib/gcc/arm-none-eabi/13.3.1/../../../../arm-none-eabi/lib/thumb/v7-m/nofp\libc_nano.a(libc_a-lock.o)
                0x20000845                __lock___sfp_recursive_mutex
 *fill*         0x20000846        0x2 
 .bss.__malloc_sbrk_start
                0x20000848        0x4 F:/ST/STM32CubeIDE/plugins/com.st.stm32cube.ide.mcu.externaltools.gnu-tools-for-stm32.13.3.rel1.win32_1.0.0.202411081344/tools/bin/../lib/gcc/arm-none-eabi/13.3.1/../../../../arm-none-eabi/lib/thumb/v7-m/nofp\libc_nano.a(libc_a-mallocr.o)
                0x20000848                __malloc_sbrk_start
 .bss.__malloc_free_list
                0x2000084c        0x4 F:/ST/STM32CubeIDE/plugins/com.st.stm32cube.ide.mcu.externaltools.gnu-tools-for-stm32.13.3.rel1.win32_1.0.0.202411081344/tools/bin/../lib/gcc/arm-none-eabi/13.3.1/../../../../arm-none-eabi/lib/thumb/v7-m/nofp\libc_nano.a(libc_a-mallocr.o)
                0x2000084c                __malloc_free_list
 *(COMMON)
                0x20000850                        . = ALIGN (0x4)
                0x20000850                        _ebss = .
                0x20000850                        __bss_end__ = _ebss

._user_heap_stack
                0x20000850      0x600 load address 0x0800a638
                0x20000850                        . = ALIGN (0x8)
                [!provide]                        PROVIDE (end = .)
                0x20000850                        PROVIDE (_end = .)
                0x20000a50                        . = (. + _Min_Heap_Size)
 *fill*         0x20000850      0x200 
                0x20000e50                        . = (. + _Min_Stack_Size)
 *fill*         0x20000a50      0x400 
                0x20000e50                        . = ALIGN (0x8)

/DISCARD/
 libc.a(*)
 libm.a(*)
 libgcc.a(*)

.ARM.attributes
                0x00000000       0x29
 *(.ARM.attributes)
 .ARM.attributes
                0x00000000       0x1d F:/ST/STM32CubeIDE/plugins/com.st.stm32cube.ide.mcu.externaltools.gnu-tools-for-stm32.13.3.rel1.win32_1.0.0.202411081344/tools/bin/../lib/gcc/arm-none-eabi/13.3.1/thumb/v7-m/nofp/crti.o
 .ARM.attributes
                0x0000001d       0x2d F:/ST/STM32CubeIDE/plugins/com.st.stm32cube.ide.mcu.externaltools.gnu-tools-for-stm32.13.3.rel1.win32_1.0.0.202411081344/tools/bin/../lib/gcc/arm-none-eabi/13.3.1/thumb/v7-m/nofp/crtbegin.o
 .ARM.attributes
                0x0000004a       0x2d ./Core/Modules/Src/adc_common.o
 .ARM.attributes
                0x00000077       0x2d ./Core/Modules/Src/dht22.o
 .ARM.attributes
                0x000000a4       0x2d ./Core/Modules/Src/esp_uart.o
 .ARM.attributes
                0x000000d1       0x2d ./Core/Modules/Src/fan.o
 .ARM.attributes
                0x000000fe       0x2d ./Core/Modules/Src/gas.o
 .ARM.attributes
                0x0000012b       0x2d ./Core/Modules/Src/greenhouse_state.o
 .ARM.attributes
                0x00000158       0x2d ./Core/Modules/Src/heater.o
 .ARM.attributes
                0x00000185       0x2d ./Core/Modules/Src/hih5030.o
 .ARM.attributes
                0x000001b2       0x2d ./Core/Modules/Src/lcd.o
 .ARM.attributes
                0x000001df       0x2d ./Core/Modules/Src/ldr.o
 .ARM.attributes
                0x0000020c       0x2d ./Core/Modules/Src/lm35.o
 .ARM.attributes
                0x00000239       0x2d ./Core/Modules/Src/pump.o
 .ARM.attributes
                0x00000266       0x2d ./Core/Modules/Src/rgb_led.o
 .ARM.attributes
                0x00000293       0x2d ./Core/Modules/Src/soil.o
 .ARM.attributes
                0x000002c0       0x2d ./Core/Src/main.o
 .ARM.attributes
                0x000002ed       0x2d ./Core/Src/stm32f1xx_hal_msp.o
 .ARM.attributes
                0x0000031a       0x2d ./Core/Src/stm32f1xx_it.o
 .ARM.attributes
                0x00000347       0x2d ./Core/Src/syscalls.o
 .ARM.attributes
                0x00000374       0x2d ./Core/Src/sysmem.o
 .ARM.attributes
                0x000003a1       0x2d ./Core/Src/system_stm32f1xx.o
 .ARM.attributes
                0x000003ce       0x21 ./Core/Startup/startup_stm32f103c8tx.o
 .ARM.attributes
                0x000003ef       0x2d ./Core/Tasks/Src/control_task.o
 .ARM.attributes
                0x0000041c       0x2d ./Core/Tasks/Src/display_task.o
 .ARM.attributes
                0x00000449       0x2d ./Core/Tasks/Src/esp_task.o
 .ARM.attributes
                0x00000476       0x2d ./Core/Tasks/Src/sensor_task.o
 .ARM.attributes
                0x000004a3       0x2d ./Core/Tasks/Src/system_init.o
 .ARM.attributes
                0x000004d0       0x2d ./Core/Tasks/Src/uart3_task.o
 .ARM.attributes
                0x000004fd       0x2d ./Core/Tasks/Src/uart_task.o
 .ARM.attributes
                0x0000052a       0x2d ./Drivers/STM32F1xx_HAL_Driver/Src/stm32f1xx_hal.o
 .ARM.attributes
                0x00000557       0x2d ./Drivers/STM32F1xx_HAL_Driver/Src/stm32f1xx_hal_adc.o
 .ARM.attributes
                0x00000584       0x2d ./Drivers/STM32F1xx_HAL_Driver/Src/stm32f1xx_hal_adc_ex.o
 .ARM.attributes
                0x000005b1       0x2d ./Drivers/STM32F1xx_HAL_Driver/Src/stm32f1xx_hal_cortex.o
 .ARM.attributes
                0x000005de       0x2d ./Drivers/STM32F1xx_HAL_Driver/Src/stm32f1xx_hal_dma.o
 .ARM.attributes
                0x0000060b       0x2d ./Drivers/STM32F1xx_HAL_Driver/Src/stm32f1xx_hal_gpio.o
 .ARM.attributes
                0x00000638       0x2d ./Drivers/STM32F1xx_HAL_Driver/Src/stm32f1xx_hal_rcc.o
 .ARM.attributes
                0x00000665       0x2d ./Drivers/STM32F1xx_HAL_Driver/Src/stm32f1xx_hal_rcc_ex.o
 .ARM.attributes
                0x00000692       0x2d ./Drivers/STM32F1xx_HAL_Driver/Src/stm32f1xx_hal_tim.o
 .ARM.attributes
                0x000006bf       0x2d ./Drivers/STM32F1xx_HAL_Driver/Src/stm32f1xx_hal_tim_ex.o
 .ARM.attributes
                0x000006ec       0x2d ./Drivers/STM32F1xx_HAL_Driver/Src/stm32f1xx_hal_uart.o
 .ARM.attributes
                0x00000719       0x2d F:/ST/STM32CubeIDE/plugins/com.st.stm32cube.ide.mcu.externaltools.gnu-tools-for-stm32.13.3.rel1.win32_1.0.0.202411081344/tools/bin/../lib/gcc/arm-none-eabi/13.3.1/../../../../arm-none-eabi/lib/thumb/v7-m/nofp\libc_nano.a(libc_a-ctype_.o)
 .ARM.attributes