../Core/Modules/Src/lcd.c:15:13:LCD_EnablePulse	8	static
../Core/Modules/Src/lcd.c:24:13:LCD_Send4Bit	16	static
../Core/Modules/Src/lcd.c:37:13:LCD_Send	16	static
../Core/Modules/Src/lcd.c:50:6:LCD_Command	16	static
../Core/Modules/Src/lcd.c:55:6:LCD_Data	16	static
../Core/Modules/Src/lcd.c:60:6:LCD_WriteChar	16	static
../Core/Modules/Src/lcd.c:65:6:LCD_Print	16	static
../Core/Modules/Src/lcd.c:73:6:LCD_Clear	8	static
../Core/Modules/Src/lcd.c:80:6:LCD_Home	8	static
../Core/Modules/Src/lcd.c:87:6:LCD_SetCursor	24	static
../Core/Modules/Src/lcd.c:113:6:LCD_Printf	16	static
../Core/Modules/Src/lcd.c:126:6:LCD_Init	8	static
../Core/Modules/Src/lcd.c:152:6:LCD_Update	40	static
